Archive member included to satisfy reference by file (symbol)

D:/Toolchains/arm-gnu-toolchain-15.2.rel1-mingw-w64-i686-arm-none-eabi/bin/../lib/gcc/arm-none-eabi/15.2.1/../../../../arm-none-eabi/lib/thumb/v7-m/nofp\libg_nano.a(libc_a-exit.o)
                              D:/Toolchains/arm-gnu-toolchain-15.2.rel1-mingw-w64-i686-arm-none-eabi/bin/../lib/gcc/arm-none-eabi/15.2.1/../../../../arm-none-eabi/lib/thumb/v7-m/nofp/crt0.o (exit)
D:/Toolchains/arm-gnu-toolchain-15.2.rel1-mingw-w64-i686-arm-none-eabi/bin/../lib/gcc/arm-none-eabi/15.2.1/../../../../arm-none-eabi/lib/thumb/v7-m/nofp\libg_nano.a(libc_a-findfp.o)
                              D:/Toolchains/arm-gnu-toolchain-15.2.rel1-mingw-w64-i686-arm-none-eabi/bin/../lib/gcc/arm-none-eabi/15.2.1/../../../../arm-none-eabi/lib/thumb/v7-m/nofp\libg_nano.a(libc_a-exit.o) (__stdio_exit_handler)
D:/Toolchains/arm-gnu-toolchain-15.2.rel1-mingw-w64-i686-arm-none-eabi/bin/../lib/gcc/arm-none-eabi/15.2.1/../../../../arm-none-eabi/lib/thumb/v7-m/nofp\libg_nano.a(libc_a-fwalk.o)
                              D:/Toolchains/arm-gnu-toolchain-15.2.rel1-mingw-w64-i686-arm-none-eabi/bin/../lib/gcc/arm-none-eabi/15.2.1/../../../../arm-none-eabi/lib/thumb/v7-m/nofp\libg_nano.a(libc_a-findfp.o) (_fwalk_sglue)
D:/Toolchains/arm-gnu-toolchain-15.2.rel1-mingw-w64-i686-arm-none-eabi/bin/../lib/gcc/arm-none-eabi/15.2.1/../../../../arm-none-eabi/lib/thumb/v7-m/nofp\libg_nano.a(libc_a-stdio.o)
                              D:/Toolchains/arm-gnu-toolchain-15.2.rel1-mingw-w64-i686-arm-none-eabi/bin/../lib/gcc/arm-none-eabi/15.2.1/../../../../arm-none-eabi/lib/thumb/v7-m/nofp\libg_nano.a(libc_a-findfp.o) (__sread)
D:/Toolchains/arm-gnu-toolchain-15.2.rel1-mingw-w64-i686-arm-none-eabi/bin/../lib/gcc/arm-none-eabi/15.2.1/../../../../arm-none-eabi/lib/thumb/v7-m/nofp\libg_nano.a(libc_a-memset.o)
                              D:/Toolchains/arm-gnu-toolchain-15.2.rel1-mingw-w64-i686-arm-none-eabi/bin/../lib/gcc/arm-none-eabi/15.2.1/../../../../arm-none-eabi/lib/thumb/v7-m/nofp/crt0.o (memset)
D:/Toolchains/arm-gnu-toolchain-15.2.rel1-mingw-w64-i686-arm-none-eabi/bin/../lib/gcc/arm-none-eabi/15.2.1/../../../../arm-none-eabi/lib/thumb/v7-m/nofp\libg_nano.a(libc_a-closer.o)
                              D:/Toolchains/arm-gnu-toolchain-15.2.rel1-mingw-w64-i686-arm-none-eabi/bin/../lib/gcc/arm-none-eabi/15.2.1/../../../../arm-none-eabi/lib/thumb/v7-m/nofp\libg_nano.a(libc_a-stdio.o) (_close_r)
D:/Toolchains/arm-gnu-toolchain-15.2.rel1-mingw-w64-i686-arm-none-eabi/bin/../lib/gcc/arm-none-eabi/15.2.1/../../../../arm-none-eabi/lib/thumb/v7-m/nofp\libg_nano.a(libc_a-reent.o)
                              D:/Toolchains/arm-gnu-toolchain-15.2.rel1-mingw-w64-i686-arm-none-eabi/bin/../lib/gcc/arm-none-eabi/15.2.1/../../../../arm-none-eabi/lib/thumb/v7-m/nofp\libg_nano.a(libc_a-closer.o) (errno)
D:/Toolchains/arm-gnu-toolchain-15.2.rel1-mingw-w64-i686-arm-none-eabi/bin/../lib/gcc/arm-none-eabi/15.2.1/../../../../arm-none-eabi/lib/thumb/v7-m/nofp\libg_nano.a(libc_a-impure.o)
                              D:/Toolchains/arm-gnu-toolchain-15.2.rel1-mingw-w64-i686-arm-none-eabi/bin/../lib/gcc/arm-none-eabi/15.2.1/../../../../arm-none-eabi/lib/thumb/v7-m/nofp\libg_nano.a(libc_a-reent.o) (_impure_ptr)
D:/Toolchains/arm-gnu-toolchain-15.2.rel1-mingw-w64-i686-arm-none-eabi/bin/../lib/gcc/arm-none-eabi/15.2.1/../../../../arm-none-eabi/lib/thumb/v7-m/nofp\libg_nano.a(libc_a-lseekr.o)
                              D:/Toolchains/arm-gnu-toolchain-15.2.rel1-mingw-w64-i686-arm-none-eabi/bin/../lib/gcc/arm-none-eabi/15.2.1/../../../../arm-none-eabi/lib/thumb/v7-m/nofp\libg_nano.a(libc_a-stdio.o) (_lseek_r)
D:/Toolchains/arm-gnu-toolchain-15.2.rel1-mingw-w64-i686-arm-none-eabi/bin/../lib/gcc/arm-none-eabi/15.2.1/../../../../arm-none-eabi/lib/thumb/v7-m/nofp\libg_nano.a(libc_a-readr.o)
                              D:/Toolchains/arm-gnu-toolchain-15.2.rel1-mingw-w64-i686-arm-none-eabi/bin/../lib/gcc/arm-none-eabi/15.2.1/../../../../arm-none-eabi/lib/thumb/v7-m/nofp\libg_nano.a(libc_a-stdio.o) (_read_r)
D:/Toolchains/arm-gnu-toolchain-15.2.rel1-mingw-w64-i686-arm-none-eabi/bin/../lib/gcc/arm-none-eabi/15.2.1/../../../../arm-none-eabi/lib/thumb/v7-m/nofp\libg_nano.a(libc_a-writer.o)
                              D:/Toolchains/arm-gnu-toolchain-15.2.rel1-mingw-w64-i686-arm-none-eabi/bin/../lib/gcc/arm-none-eabi/15.2.1/../../../../arm-none-eabi/lib/thumb/v7-m/nofp\libg_nano.a(libc_a-stdio.o) (_write_r)
D:/Toolchains/arm-gnu-toolchain-15.2.rel1-mingw-w64-i686-arm-none-eabi/bin/../lib/gcc/arm-none-eabi/15.2.1/../../../../arm-none-eabi/lib/thumb/v7-m/nofp\libg_nano.a(libc_a-errno.o)
                              CMakeFiles/FOC_Bootloader.dir/D_/Prj/Clion_prj/FOC/Core/Src/sysmem.c.obj (__errno)
D:/Toolchains/arm-gnu-toolchain-15.2.rel1-mingw-w64-i686-arm-none-eabi/bin/../lib/gcc/arm-none-eabi/15.2.1/../../../../arm-none-eabi/lib/thumb/v7-m/nofp\libg_nano.a(libc_a-init.o)
[...]
Memory Configuration

Name             Origin             Length             Attributes
RAM              0x20000000         0x00005000         xrw
FLASH            0x08000000         0x00004000         xr
*default*        0x00000000         0xffffffff

Linker script and memory map

LOAD D:/Toolchains/arm-gnu-toolchain-15.2.rel1-mingw-w64-i686-arm-none-eabi/bin/../lib/gcc/arm-none-eabi/15.2.1/thumb/v7-m/nofp/crti.o
LOAD D:/Toolchains/arm-gnu-toolchain-15.2.rel1-mingw-w64-i686-arm-none-eabi/bin/../lib/gcc/arm-none-eabi/15.2.1/thumb/v7-m/nofp/crtbegin.o
LOAD D:/Toolchains/arm-gnu-toolchain-15.2.rel1-mingw-w64-i686-arm-none-eabi/bin/../lib/gcc/arm-none-eabi/15.2.1/../../../../arm-none-eabi/lib/thumb/v7-m/nofp/crt0.o
LOAD CMakeFiles/FOC_Bootloader.dir/Core/Src/main.c.obj
LOAD CMakeFiles/FOC_Bootloader.dir/Core/Src/bootloader.c.obj
LOAD CMakeFiles/FOC_Bootloader.dir/Core/Src/stm32f1xx_it.c.obj
LOAD CMakeFiles/FOC_Bootloader.dir/D_/Prj/Clion_prj/FOC/Core/Src/system_stm32f1xx.c.obj
LOAD CMakeFiles/FOC_Bootloader.dir/D_/Prj/Clion_prj/FOC/Core/Src/sysmem.c.obj
LOAD CMakeFiles/FOC_Bootloader.dir/D_/Prj/Clion_prj/FOC/Core/Src/syscalls.c.obj
LOAD CMakeFiles/FOC_Bootloader.dir/D_/Prj/Clion_prj/FOC/startup_stm32f103xb.s.obj
LOAD CMakeFiles/FOC_Bootloader.dir/D_/Prj/Clion_prj/FOC/Drivers/STM32F1xx_HAL_Driver/Src/stm32f1xx_hal.c.obj
LOAD CMakeFiles/FOC_Bootloader.dir/D_/Prj/Clion_prj/FOC/Drivers/STM32F1xx_HAL_Driver/Src/stm32f1xx_hal_cortex.c.obj
LOAD CMakeFiles/FOC_Bootloader.dir/D_/Prj/Clion_prj/FOC/Drivers/STM32F1xx_HAL_Driver/Src/stm32f1xx_hal_dma.c.obj
LOAD CMakeFiles/FOC_Bootloader.dir/D_/Prj/Clion_prj/FOC/Drivers/STM32F1xx_HAL_Driver/Src/stm32f1xx_hal_exti.c.obj
LOAD CMakeFiles/FOC_Bootloader.dir/D_/Prj/Clion_prj/FOC/Drivers/STM32F1xx_HAL_Driver/Src/stm32f1xx_hal_flash.c.obj
LOAD CMakeFiles/FOC_Bootloader.dir/D_/Prj/Clion_prj/FOC/Drivers/STM32F1xx_HAL_Driver/Src/stm32f1xx_hal_flash_ex.c.obj
LOAD CMakeFiles/FOC_Bootloader.dir/D_/Prj/Clion_prj/FOC/Drivers/STM32F1xx_HAL_Driver/Src/stm32f1xx_hal_gpio.c.obj
LOAD CMakeFiles/FOC_Bootloader.dir/D_/Prj/Clion_prj/FOC/Drivers/STM32F1xx_HAL_Driver/Src/stm32f1xx_hal_gpio_ex.c.obj
LOAD CMakeFiles/FOC_Bootloader.dir/D_/Prj/Clion_prj/FOC/Drivers/STM32F1xx_HAL_Driver/Src/stm32f1xx_hal_pcd.c.obj
LOAD CMakeFiles/FOC_Bootloader.dir/D_/Prj/Clion_prj/FOC/Drivers/STM32F1xx_HAL_Driver/Src/stm32f1xx_hal_pcd_ex.c.obj
LOAD CMakeFiles/FOC_Bootloader.dir/D_/Prj/Clion_prj/FOC/Drivers/STM32F1xx_HAL_Driver/Src/stm32f1xx_hal_pwr.c.obj
LOAD CMakeFiles/FOC_Bootloader.dir/D_/Prj/Clion_prj/FOC/Drivers/STM32F1xx_HAL_Driver/Src/stm32f1xx_hal_rcc.c.obj
LOAD CMakeFiles/FOC_Bootloader.dir/D_/Prj/Clion_prj/FOC/Drivers/STM32F1xx_HAL_Driver/Src/stm32f1xx_hal_rcc_ex.c.obj
LOAD CMakeFiles/FOC_Bootloader.dir/D_/Prj/Clion_prj/FOC/Drivers/STM32F1xx_HAL_Driver/Src/stm32f1xx_ll_usb.c.obj
LOAD CMakeFiles/FOC_Bootloader.dir/D_/Prj/Clion_prj/FOC/USB_DEVICE/App/usb_device.c.obj
LOAD CMakeFiles/FOC_Bootloader.dir/D_/Prj/Clion_prj/FOC/USB_DEVICE/App/usbd_desc.c.obj
LOAD CMakeFiles/FOC_Bootloader.dir/D_/Prj/Clion_prj/FOC/USB_DEVICE/App/usbd_dfu_if.c.obj
LOAD CMakeFiles/FOC_Bootloader.dir/D_/Prj/Clion_prj/FOC/USB_DEVICE/Target/usbd_conf.c.obj
LOAD CMakeFiles/FOC_Bootloader.dir/D_/Prj/Clion_prj/FOC/Middlewares/ST/STM32_USB_Device_Library/Core/Src/usbd_core.c.obj
LOAD CMakeFiles/FOC_Bootloader.dir/D_/Prj/Clion_prj/FOC/Middlewares/ST/STM32_USB_Device_Library/Core/Src/usbd_ctlreq.c.obj
LOAD CMakeFiles/FOC_Bootloader.dir/D_/Prj/Clion_prj/FOC/Middlewares/ST/STM32_USB_Device_Library/Core/Src/usbd_ioreq.c.obj
LOAD CMakeFiles/FOC_Bootloader.dir/D_/Prj/Clion_prj/FOC/Middlewares/ST/STM32_USB_Device_Library/Class/DFU/Src/usbd_dfu.c.obj
LOAD D:/Toolchains/arm-gnu-toolchain-15.2.rel1-mingw-w64-i686-arm-none-eabi/bin/../lib/gcc/arm-none-eabi/15.2.1/../../../../arm-none-eabi/lib/thumb/v7-m/nofp\libm.a
START GROUP
LOAD D:/Toolchains/arm-gnu-toolchain-15.2.rel1-mingw-w64-i686-arm-none-eabi/bin/../lib/gcc/arm-none-eabi/15.2.1/thumb/v7-m/nofp\libgcc.a
LOAD D:/Toolchains/arm-gnu-toolchain-15.2.rel1-mingw-w64-i686-arm-none-eabi/bin/../lib/gcc/arm-none-eabi/15.2.1/../../../../arm-none-eabi/lib/thumb/v7-m/nofp\libg_nano.a
LOAD D:/Toolchains/arm-gnu-toolchain-15.2.rel1-mingw-w64-i686-arm-none-eabi/bin/../lib/gcc/arm-none-eabi/15.2.1/../../../../arm-none-eabi/lib/thumb/v7-m/nofp\libc_nano.a
END GROUP
START GROUP
LOAD D:/Toolchains/arm-gnu-toolchain-15.2.rel1-mingw-w64-i686-arm-none-eabi/bin/../lib/gcc/arm-none-eabi/15.2.1/thumb/v7-m/nofp\libgcc.a
LOAD D:/Toolchains/arm-gnu-toolchain-15.2.rel1-mingw-w64-i686-arm-none-eabi/bin/../lib/gcc/arm-none-eabi/15.2.1/../../../../arm-none-eabi/lib/thumb/v7-m/nofp\libc_nano.a
END GROUP
LOAD D:/Toolchains/arm-gnu-toolchain-15.2.rel1-mingw-w64-i686-arm-none-eabi/bin/../lib/gcc/arm-none-eabi/15.2.1/thumb/v7-m/nofp/crtend.o
LOAD D:/Toolchains/arm-gnu-toolchain-15.2.rel1-mingw-w64-i686-arm-none-eabi/bin/../lib/gcc/arm-none-eabi/15.2.1/thumb/v7-m/nofp/crtn.o
                0x20005000                        _estack = (ORIGIN (RAM) + LENGTH (RAM))
                0x00000000                        _Min_Heap_Size = 0x0
                0x00000800                        _Min_Stack_Size = 0x800

.isr_vector     0x08000000      0x10c
                0x08000000                        . = ALIGN (0x4)
 *(.isr_vector)
 .isr_vector    0x08000000      0x10c CMakeFiles/FOC_Bootloader.dir/D_/Prj/Clion_prj/FOC/startup_stm32f103xb.s.obj
                0x08000000                g_pfnVectors
                0x0800010c                        . = ALIGN (0x4)

.text           0x0800010c     0x34f4
                0x0800010c                        . = ALIGN (0x4)
 *(.text)
 .text          0x0800010c       0x10 D:/Toolchains/arm-gnu-toolchain-15.2.rel1-mingw-w64-i686-arm-none-eabi/bin/../lib/gcc/arm-none-eabi/15.2.1/../../../../arm-none-eabi/lib/thumb/v7-m/nofp\libg_nano.a(libc_a-strlen.o)
                0x0800010c                strlen
 *(.text*)
 .text.deregister_tm_clones
                0x0800011c       0x1c D:/Toolchains/arm-gnu-toolchain-15.2.rel1-mingw-w64-i686-arm-none-eabi/bin/../lib/gcc/arm-none-eabi/15.2.1/thumb/v7-m/nofp/crtbegin.o
 .text.register_tm_clones
                0x08000138       0x24 D:/Toolchains/arm-gnu-toolchain-15.2.rel1-mingw-w64-i686-arm-none-eabi/bin/../lib/gcc/arm-none-eabi/15.2.1/thumb/v7-m/nofp/crtbegin.o
 .text.__do_global_dtors_aux
                0x0800015c       0x28 D:/Toolchains/arm-gnu-toolchain-15.2.rel1-mingw-w64-i686-arm-none-eabi/bin/../lib/gcc/arm-none-eabi/15.2.1/thumb/v7-m/nofp/crtbegin.o
 .text.frame_dummy
                0x08000184       0x24 D:/Toolchains/arm-gnu-toolchain-15.2.rel1-mingw-w64-i686-arm-none-eabi/bin/../lib/gcc/arm-none-eabi/15.2.1/thumb/v7-m/nofp/crtbegin.o
 .text.SystemClock_Config
                0x080001a8       0x7c CMakeFiles/FOC_Bootloader.dir/Core/Src/main.c.obj
                0x080001a8                SystemClock_Config
 .text.startup.main
                0x08000224       0x7c CMakeFiles/FOC_Bootloader.dir/Core/Src/main.c.obj
                0x08000224                main
 .text.Error_Handler
                0x080002a0        0x4 CMakeFiles/FOC_Bootloader.dir/Core/Src/main.c.obj
                0x080002a0                Error_Handler
 .text.Bootloader_AppIsValid
                0x080002a4       0x2c CMakeFiles/FOC_Bootloader.dir/Core/Src/bootloader.c.obj
                0x080002a4                Bootloader_AppIsValid
 .text.Bootloader_JumpToApp
                0x080002d0       0x4c CMakeFiles/FOC_Bootloader.dir/Core/Src/bootloader.c.obj
                0x080002d0                Bootloader_JumpToApp
 .text.Bootloader_FlashErasePage
                0x0800031c       0x44 CMakeFiles/FOC_Bootloader.dir/Core/Src/bootloader.c.obj
                0x0800031c                Bootloader_FlashErasePage
 .text.Bootloader_FlashWrite
                0x08000360       0x8c CMakeFiles/FOC_Bootloader.dir/Core/Src/bootloader.c.obj
                0x08000360                Bootloader_FlashWrite
 .text.NMI_Handler
                0x080003ec        0x2 CMakeFiles/FOC_Bootloader.dir/Core/Src/stm32f1xx_it.c.obj
                0x080003ec                NMI_Handler
 .text.HardFault_Handler
                0x080003ee        0x2 CMakeFiles/FOC_Bootloader.dir/Core/Src/stm32f1xx_it.c.obj
                0x080003ee                HardFault_Handler
 .text.MemManage_Handler
                0x080003f0        0x2 CMakeFiles/FOC_Bootloader.dir/Core/Src/stm32f1xx_it.c.obj
                0x080003f0                MemManage_Handler
 .text.BusFault_Handler
                0x080003f2        0x2 CMakeFiles/FOC_Bootloader.dir/Core/Src/stm32f1xx_it.c.obj
                0x080003f2                BusFault_Handler
 .text.UsageFault_Handler
                0x080003f4        0x2 CMakeFiles/FOC_Bootloader.dir/Core/Src/stm32f1xx_it.c.obj
                0x080003f4                UsageFault_Handler
 .text.SVC_Handler
                0x080003f6        0x2 CMakeFiles/FOC_Bootloader.dir/Core/Src/stm32f1xx_it.c.obj
                0x080003f6                SVC_Handler
 .text.DebugMon_Handler
                0x080003f8        0x2 CMakeFiles/FOC_Bootloader.dir/Core/Src/stm32f1xx_it.c.obj
                0x080003f8                DebugMon_Handler
 .text.PendSV_Handler
                0x080003fa        0x2 CMakeFiles/FOC_Bootloader.dir/Core/Src/stm32f1xx_it.c.obj
                0x080003fa                PendSV_Handler
 .text.SysTick_Handler
                0x080003fc        0x4 CMakeFiles/FOC_Bootloader.dir/Core/Src/stm32f1xx_it.c.obj
                0x080003fc                SysTick_Handler
 .text.USB_LP_CAN1_RX0_IRQHandler
                0x08000400        0xc CMakeFiles/FOC_Bootloader.dir/Core/Src/stm32f1xx_it.c.obj
                0x08000400                USB_LP_CAN1_RX0_IRQHandler
 .text.USBWakeUp_IRQHandler
                0x0800040c        0xc CMakeFiles/FOC_Bootloader.dir/Core/Src/stm32f1xx_it.c.obj
                0x0800040c                USBWakeUp_IRQHandler
 .text.SystemInit
                0x08000418       0x10 CMakeFiles/FOC_Bootloader.dir/D_/Prj/Clion_prj/FOC/Core/Src/system_stm32f1xx.c.obj
                0x08000418                SystemInit
 .text.Reset_Handler
                0x08000428       0x48 CMakeFiles/FOC_Bootloader.dir/D_/Prj/Clion_prj/FOC/startup_stm32f103xb.s.obj
                0x08000428                Reset_Handler
 .text.Default_Handler
                0x08000470        0x2 CMakeFiles/FOC_Bootloader.dir/D_/Prj/Clion_prj/FOC/startup_stm32f103xb.s.obj
                0x08000470                RTC_Alarm_IRQHandler
                0x08000470                EXTI2_IRQHandler
                0x08000470                TIM1_CC_IRQHandler
                0x08000470                PVD_IRQHandler
                0x08000470                EXTI3_IRQHandler
                0x08000470                EXTI0_IRQHandler
                0x08000470                I2C2_EV_IRQHandler
                0x08000470                ADC1_2_IRQHandler
                0x08000470                SPI1_IRQHandler
                0x08000470                TAMPER_IRQHandler
                0x08000470                DMA1_Channel4_IRQHandler
                0x08000470                USART3_IRQHandler
                0x08000470                RTC_IRQHandler
                0x08000470                DMA1_Channel7_IRQHandler
                0x08000470                CAN1_RX1_IRQHandler
                0x08000470                TIM4_IRQHandler
                0x08000470                I2C1_EV_IRQHandler
                0x08000470                DMA1_Channel6_IRQHandler
                0x08000470                TIM3_IRQHandler
                0x08000470                RCC_IRQHandler
                0x08000470                TIM1_TRG_COM_IRQHandler
                0x08000470                DMA1_Channel1_IRQHandler
                0x08000470                Default_Handler
                0x08000470                EXTI15_10_IRQHandler
                0x08000470                EXTI9_5_IRQHandler
                0x08000470                SPI2_IRQHandler
                0x08000470                DMA1_Channel5_IRQHandler
                0x08000470                EXTI4_IRQHandler
                0x08000470                USB_HP_CAN1_TX_IRQHandler
                0x08000470                DMA1_Channel3_IRQHandler
                0x08000470                TIM1_UP_IRQHandler
                0x08000470                WWDG_IRQHandler
                0x08000470                TIM2_IRQHandler
                0x08000470                TIM1_BRK_IRQHandler
                0x08000470                EXTI1_IRQHandler
                0x08000470                USART2_IRQHandler
                0x08000470                I2C2_ER_IRQHandler
                0x08000470                DMA1_Channel2_IRQHandler
                0x08000470                CAN1_SCE_IRQHandler
                0x08000470                FLASH_IRQHandler
                0x08000470                USART1_IRQHandler
                0x08000470                I2C1_ER_IRQHandler
 .text.HAL_MspInit
                0x08000472        0x2 CMakeFiles/FOC_Bootloader.dir/D_/Prj/Clion_prj/FOC/Drivers/STM32F1xx_HAL_Driver/Src/stm32f1xx_hal.c.obj
                0x08000472                HAL_MspInit
 .text.HAL_MspDeInit
                0x08000474        0x2 CMakeFiles/FOC_Bootloader.dir/D_/Prj/Clion_prj/FOC/Drivers/STM32F1xx_HAL_Driver/Src/stm32f1xx_hal.c.obj
                0x08000474                HAL_MspDeInit
 *fill*         0x08000476        0x2 
 .text.HAL_DeInit
                0x08000478       0x20 CMakeFiles/FOC_Bootloader.dir/D_/Prj/Clion_prj/FOC/Drivers/STM32F1xx_HAL_Driver/Src/stm32f1xx_hal.c.obj
                0x08000478                HAL_DeInit
 .text.HAL_InitTick
                0x08000498       0x48 CMakeFiles/FOC_Bootloader.dir/D_/Prj/Clion_prj/FOC/Drivers/STM32F1xx_HAL_Driver/Src/stm32f1xx_hal.c.obj
                0x08000498                HAL_InitTick
 .text.HAL_Init
                0x080004e0       0x24 CMakeFiles/FOC_Bootloader.dir/D_/Prj/Clion_prj/FOC/Drivers/STM32F1xx_HAL_Driver/Src/stm32f1xx_hal.c.obj
                0x080004e0                HAL_Init
 .text.HAL_IncTick
                0x08000504       0x18 CMakeFiles/FOC_Bootloader.dir/D_/Prj/Clion_prj/FOC/Drivers/STM32F1xx_HAL_Driver/Src/stm32f1xx_hal.c.obj
                0x08000504                HAL_IncTick
 .text.HAL_GetTick
                0x0800051c        0xc CMakeFiles/FOC_Bootloader.dir/D_/Prj/Clion_prj/FOC/Drivers/STM32F1xx_HAL_Driver/Src/stm32f1xx_hal.c.obj
                0x0800051c                HAL_GetTick
 .text.HAL_Delay
                0x08000528       0x24 CMakeFiles/FOC_Bootloader.dir/D_/Prj/Clion_prj/FOC/Drivers/STM32F1xx_HAL_Driver/Src/stm32f1xx_hal.c.obj
                0x08000528                HAL_Delay
 .text.HAL_NVIC_SetPriorityGrouping
                0x0800054c       0x24 CMakeFiles/FOC_Bootloader.dir/D_/Prj/Clion_prj/FOC/Drivers/STM32F1xx_HAL_Driver/Src/stm32f1xx_hal_cortex.c.obj
                0x0800054c                HAL_NVIC_SetPriorityGrouping
 .text.HAL_NVIC_SetPriority
                0x08000570       0x5c CMakeFiles/FOC_Bootloader.dir/D_/Prj/Clion_prj/FOC/Drivers/STM32F1xx_HAL_Driver/Src/stm32f1xx_hal_cortex.c.obj
                0x08000570                HAL_NVIC_SetPriority
 .text.HAL_NVIC_EnableIRQ
                0x080005cc       0x1c CMakeFiles/FOC_Bootloader.dir/D_/Prj/Clion_prj/FOC/Drivers/STM32F1xx_HAL_Driver/Src/stm32f1xx_hal_cortex.c.obj
                0x080005cc                HAL_NVIC_EnableIRQ
 .text.HAL_SYSTICK_Config
                0x080005e8       0x28 CMakeFiles/FOC_Bootloader.dir/D_/Prj/Clion_prj/FOC/Drivers/STM32F1xx_HAL_Driver/Src/stm32f1xx_hal_cortex.c.obj
                0x080005e8                HAL_SYSTICK_Config
 .text.FLASH_SetErrorCode
                0x08000610       0x50 CMakeFiles/FOC_Bootloader.dir/D_/Prj/Clion_prj/FOC/Drivers/STM32F1xx_HAL_Driver/Src/stm32f1xx_hal_flash.c.obj
 .text.HAL_FLASH_Unlock
                0x08000660       0x24 CMakeFiles/FOC_Bootloader.dir/D_/Prj/Clion_prj/FOC/Drivers/STM32F1xx_HAL_Driver/Src/stm32f1xx_hal_flash.c.obj
                0x08000660                HAL_FLASH_Unlock
 .text.HAL_FLASH_Lock
                0x08000684       0x14 CMakeFiles/FOC_Bootloader.dir/D_/Prj/Clion_prj/FOC/Drivers/STM32F1xx_HAL_Driver/Src/stm32f1xx_hal_flash.c.obj
                0x08000684                HAL_FLASH_Lock
 .text.FLASH_WaitForLastOperation
                0x08000698       0x54 CMakeFiles/FOC_Bootloader.dir/D_/Prj/Clion_prj/FOC/Drivers/STM32F1xx_HAL_Driver/Src/stm32f1xx_hal_flash.c.obj
                0x08000698                FLASH_WaitForLastOperation
 .text.HAL_FLASH_Program
                0x080006ec       0xa8 CMakeFiles/FOC_Bootloader.dir/D_/Prj/Clion_prj/FOC/Drivers/STM32F1xx_HAL_Driver/Src/stm32f1xx_hal_flash.c.obj
                0x080006ec                HAL_FLASH_Program
 .text.FLASH_PageErase
                0x08000794       0x24 CMakeFiles/FOC_Bootloader.dir/D_/Prj/Clion_prj/FOC/Drivers/STM32F1xx_HAL_Driver/Src/stm32f1xx_hal_flash_ex.c.obj
                0x08000794                FLASH_PageErase
 .text.HAL_FLASHEx_Erase
                0x080007b8       0xa8 CMakeFiles/FOC_Bootloader.dir/D_/Prj/Clion_prj/FOC/Drivers/STM32F1xx_HAL_Driver/Src/stm32f1xx_hal_flash_ex.c.obj
                0x080007b8                HAL_FLASHEx_Erase
 .text.HAL_GPIO_Init
                0x08000860      0x1a8 CMakeFiles/FOC_Bootloader.dir/D_/Prj/Clion_prj/FOC/Drivers/STM32F1xx_HAL_Driver/Src/stm32f1xx_hal_gpio.c.obj
                0x08000860                HAL_GPIO_Init
 .text.HAL_GPIO_WritePin
                0x08000a08        0xa CMakeFiles/FOC_Bootloader.dir/D_/Prj/Clion_prj/FOC/Drivers/STM32F1xx_HAL_Driver/Src/stm32f1xx_hal_gpio.c.obj
                0x08000a08                HAL_GPIO_WritePin
 .text.HAL_PCD_Init
                0x08000a12       0xc2 CMakeFiles/FOC_Bootloader.dir/D_/Prj/Clion_prj/FOC/Drivers/STM32F1xx_HAL_Driver/Src/stm32f1xx_hal_pcd.c.obj
                0x08000a12                HAL_PCD_Init
 .text.HAL_PCD_Start
                0x08000ad4       0x32 CMakeFiles/FOC_Bootloader.dir/D_/Prj/Clion_prj/FOC/Drivers/STM32F1xx_HAL_Driver/Src/stm32f1xx_hal_pcd.c.obj
                0x08000ad4                HAL_PCD_Start
 .text.HAL_PCD_Stop
                0x08000b06       0x32 CMakeFiles/FOC_Bootloader.dir/D_/Prj/Clion_prj/FOC/Drivers/STM32F1xx_HAL_Driver/Src/stm32f1xx_hal_pcd.c.obj
                0x08000b06                HAL_PCD_Stop
 .text.HAL_PCD_WKUP_IRQHandler
                0x08000b38       0x10 CMakeFiles/FOC_Bootloader.dir/D_/Prj/Clion_prj/FOC/Drivers/STM32F1xx_HAL_Driver/Src/stm32f1xx_hal_pcd.c.obj
                0x08000b38                HAL_PCD_WKUP_IRQHandler
 .text.HAL_PCD_SetAddress
                0x08000b48       0x26 CMakeFiles/FOC_Bootloader.dir/D_/Prj/Clion_prj/FOC/Drivers/STM32F1xx_HAL_Driver/Src/stm32f1xx_hal_pcd.c.obj
                0x08000b48                HAL_PCD_SetAddress
 *fill*         0x08000b6e        0x2 
 .text.HAL_PCD_IRQHandler
                0x08000b70      0x980 CMakeFiles/FOC_Bootloader.dir/D_/Prj/Clion_prj/FOC/Drivers/STM32F1xx_HAL_Driver/Src/stm32f1xx_hal_pcd.c.obj
                0x08000b70                HAL_PCD_IRQHandler
 .text.HAL_PCD_EP_Open
                0x080014f0       0x60 CMakeFiles/FOC_Bootloader.dir/D_/Prj/Clion_prj/FOC/Drivers/STM32F1xx_HAL_Driver/Src/stm32f1xx_hal_pcd.c.obj
                0x080014f0                HAL_PCD_EP_Open
 .text.HAL_PCD_EP_Receive
                0x08001550       0x2e CMakeFiles/FOC_Bootloader.dir/D_/Prj/Clion_prj/FOC/Drivers/STM32F1xx_HAL_Driver/Src/stm32f1xx_hal_pcd.c.obj
                0x08001550                HAL_PCD_EP_Receive
 .text.HAL_PCD_EP_Transmit
                0x0800157e       0x30 CMakeFiles/FOC_Bootloader.dir/D_/Prj/Clion_prj/FOC/Drivers/STM32F1xx_HAL_Driver/Src/stm32f1xx_hal_pcd.c.obj
                0x0800157e                HAL_PCD_EP_Transmit
 .text.HAL_PCD_EP_SetStall
                0x080015ae       0x6c CMakeFiles/FOC_Bootloader.dir/D_/Prj/Clion_prj/FOC/Drivers/STM32F1xx_HAL_Driver/Src/stm32f1xx_hal_pcd.c.obj
                0x080015ae                HAL_PCD_EP_SetStall
 .text.HAL_PCD_EP_ClrStall
                0x0800161a       0x64 CMakeFiles/FOC_Bootloader.dir/D_/Prj/Clion_prj/FOC/Drivers/STM32F1xx_HAL_Driver/Src/stm32f1xx_hal_pcd.c.obj
                0x0800161a                HAL_PCD_EP_ClrStall
 .text.HAL_PCDEx_PMAConfig
                0x0800167e       0x30 CMakeFiles/FOC_Bootloader.dir/D_/Prj/Clion_prj/FOC/Drivers/STM32F1xx_HAL_Driver/Src/stm32f1xx_hal_pcd_ex.c.obj
                0x0800167e                HAL_PCDEx_PMAConfig
 *fill*         0x080016ae        0x2 
 .text.HAL_RCC_OscConfig
                0x080016b0      0x33c CMakeFiles/FOC_Bootloader.dir/D_/Prj/Clion_prj/FOC/Drivers/STM32F1xx_HAL_Driver/Src/stm32f1xx_hal_rcc.c.obj
                0x080016b0                HAL_RCC_OscConfig
 .text.HAL_RCC_GetSysClockFreq
                0x080019ec       0x4c CMakeFiles/FOC_Bootloader.dir/D_/Prj/Clion_prj/FOC/Drivers/STM32F1xx_HAL_Driver/Src/stm32f1xx_hal_rcc.c.obj
                0x080019ec                HAL_RCC_GetSysClockFreq
 .text.HAL_RCC_ClockConfig
                0x08001a38      0x138 CMakeFiles/FOC_Bootloader.dir/D_/Prj/Clion_prj/FOC/Drivers/STM32F1xx_HAL_Driver/Src/stm32f1xx_hal_rcc.c.obj
                0x08001a38                HAL_RCC_ClockConfig
 .text.HAL_RCCEx_PeriphCLKConfig
                0x08001b70       0xf4 CMakeFiles/FOC_Bootloader.dir/D_/Prj/Clion_prj/FOC/Drivers/STM32F1xx_HAL_Driver/Src/stm32f1xx_hal_rcc_ex.c.obj
                0x08001b70                HAL_RCCEx_PeriphCLKConfig
 .text.USB_CoreInit
                0x08001c64        0xe CMakeFiles/FOC_Bootloader.dir/D_/Prj/Clion_prj/FOC/Drivers/STM32F1xx_HAL_Driver/Src/stm32f1xx_ll_usb.c.obj
                0x08001c64                USB_CoreInit
 .text.USB_EnableGlobalInt
                0x08001c72       0x12 CMakeFiles/FOC_Bootloader.dir/D_/Prj/Clion_prj/FOC/Drivers/STM32F1xx_HAL_Driver/Src/stm32f1xx_ll_usb.c.obj
                0x08001c72                USB_EnableGlobalInt
 .text.USB_DisableGlobalInt
                0x08001c84       0x14 CMakeFiles/FOC_Bootloader.dir/D_/Prj/Clion_prj/FOC/Drivers/STM32F1xx_HAL_Driver/Src/stm32f1xx_ll_usb.c.obj
                0x08001c84                USB_DisableGlobalInt
 .text.USB_SetCurrentMode
                0x08001c98        0x4 CMakeFiles/FOC_Bootloader.dir/D_/Prj/Clion_prj/FOC/Drivers/STM32F1xx_HAL_Driver/Src/stm32f1xx_ll_usb.c.obj
                0x08001c98                USB_SetCurrentMode
 .text.USB_DevInit
                0x08001c9c       0x22 CMakeFiles/FOC_Bootloader.dir/D_/Prj/Clion_prj/FOC/Drivers/STM32F1xx_HAL_Driver/Src/stm32f1xx_ll_usb.c.obj
                0x08001c9c                USB_DevInit
 *fill*         0x08001cbe        0x2 
 .text.USB_ActivateEndpoint
                0x08001cc0      0x29c CMakeFiles/FOC_Bootloader.dir/D_/Prj/Clion_prj/FOC/Drivers/STM32F1xx_HAL_Driver/Src/stm32f1xx_ll_usb.c.obj
                0x08001cc0                USB_ActivateEndpoint
 .text.USB_EPSetStall
                0x08001f5c       0x38 CMakeFiles/FOC_Bootloader.dir/D_/Prj/Clion_prj/FOC/Drivers/STM32F1xx_HAL_Driver/Src/stm32f1xx_ll_usb.c.obj
                0x08001f5c                USB_EPSetStall
 .text.USB_EPClearStall
                0x08001f94       0x82 CMakeFiles/FOC_Bootloader.dir/D_/Prj/Clion_prj/FOC/Drivers/STM32F1xx_HAL_Driver/Src/stm32f1xx_ll_usb.c.obj
                0x08001f94                USB_EPClearStall
 .text.USB_SetDevAddress
                0x08002016        0xc CMakeFiles/FOC_Bootloader.dir/D_/Prj/Clion_prj/FOC/Drivers/STM32F1xx_HAL_Driver/Src/stm32f1xx_ll_usb.c.obj
                0x08002016                USB_SetDevAddress
 .text.USB_DevConnect
                0x08002022        0x4 CMakeFiles/FOC_Bootloader.dir/D_/Prj/Clion_prj/FOC/Drivers/STM32F1xx_HAL_Driver/Src/stm32f1xx_ll_usb.c.obj
                0x08002022                USB_DevConnect
 .text.USB_DevDisconnect
                0x08002026        0x4 CMakeFiles/FOC_Bootloader.dir/D_/Prj/Clion_prj/FOC/Drivers/STM32F1xx_HAL_Driver/Src/stm32f1xx_ll_usb.c.obj
                0x08002026                USB_DevDisconnect
 .text.USB_ReadInterrupts
                0x0800202a        0x8 CMakeFiles/FOC_Bootloader.dir/D_/Prj/Clion_prj/FOC/Drivers/STM32F1xx_HAL_Driver/Src/stm32f1xx_ll_usb.c.obj
                0x0800202a                USB_ReadInterrupts
 .text.USB_EP0_OutStart
                0x08002032        0x4 CMakeFiles/FOC_Bootloader.dir/D_/Prj/Clion_prj/FOC/Drivers/STM32F1xx_HAL_Driver/Src/stm32f1xx_ll_usb.c.obj
                0x08002032                USB_EP0_OutStart
 .text.USB_WritePMA
                0x08002036       0x20 CMakeFiles/FOC_Bootloader.dir/D_/Prj/Clion_prj/FOC/Drivers/STM32F1xx_HAL_Driver/Src/stm32f1xx_ll_usb.c.obj
                0x08002036                USB_WritePMA
 .text.USB_EPStartXfer
                0x08002056      0x41c CMakeFiles/FOC_Bootloader.dir/D_/Prj/Clion_prj/FOC/Drivers/STM32F1xx_HAL_Driver/Src/stm32f1xx_ll_usb.c.obj
                0x08002056                USB_EPStartXfer
 .text.USB_ReadPMA
                0x08002472       0x34 CMakeFiles/FOC_Bootloader.dir/D_/Prj/Clion_prj/FOC/Drivers/STM32F1xx_HAL_Driver/Src/stm32f1xx_ll_usb.c.obj
                0x08002472                USB_ReadPMA
 *fill*         0x080024a6        0x2 
 .text.MX_USB_DEVICE_Init
                0x080024a8       0xa4 CMakeFiles/FOC_Bootloader.dir/D_/Prj/Clion_prj/FOC/USB_DEVICE/App/usb_device.c.obj
                0x080024a8                MX_USB_DEVICE_Init
 .text.USBD_FS_DeviceDescriptor
                0x0800254c        0xc CMakeFiles/FOC_Bootloader.dir/D_/Prj/Clion_prj/FOC/USB_DEVICE/App/usbd_desc.c.obj
                0x0800254c                USBD_FS_DeviceDescriptor
 .text.USBD_FS_LangIDStrDescriptor
                0x08002558        0xc CMakeFiles/FOC_Bootloader.dir/D_/Prj/Clion_prj/FOC/USB_DEVICE/App/usbd_desc.c.obj
                0x08002558                USBD_FS_LangIDStrDescriptor
 .text.IntToUnicode
                0x08002564       0x28 CMakeFiles/FOC_Bootloader.dir/D_/Prj/Clion_prj/FOC/USB_DEVICE/App/usbd_desc.c.obj
 .text.USBD_FS_SerialStrDescriptor
                0x0800258c       0x3c CMakeFiles/FOC_Bootloader.dir/D_/Prj/Clion_prj/FOC/USB_DEVICE/App/usbd_desc.c.obj
                0x0800258c                USBD_FS_SerialStrDescriptor
 .text.USBD_FS_ManufacturerStrDescriptor
                0x080025c8       0x18 CMakeFiles/FOC_Bootloader.dir/D_/Prj/Clion_prj/FOC/USB_DEVICE/App/usbd_desc.c.obj
                0x080025c8                USBD_FS_ManufacturerStrDescriptor
 .text.USBD_FS_ProductStrDescriptor
                0x080025e0       0x18 CMakeFiles/FOC_Bootloader.dir/D_/Prj/Clion_prj/FOC/USB_DEVICE/App/usbd_desc.c.obj
                0x080025e0                USBD_FS_ProductStrDescriptor
 .text.USBD_FS_ConfigStrDescriptor
                0x080025f8       0x18 CMakeFiles/FOC_Bootloader.dir/D_/Prj/Clion_prj/FOC/USB_DEVICE/App/usbd_desc.c.obj
                0x080025f8                USBD_FS_ConfigStrDescriptor
 .text.USBD_FS_InterfaceStrDescriptor
                0x08002610       0x18 CMakeFiles/FOC_Bootloader.dir/D_/Prj/Clion_prj/FOC/USB_DEVICE/App/usbd_desc.c.obj
                0x08002610                USBD_FS_InterfaceStrDescriptor
 .text.MEM_If_Init_FS
                0x08002628       0x14 CMakeFiles/FOC_Bootloader.dir/D_/Prj/Clion_prj/FOC/USB_DEVICE/App/usbd_dfu_if.c.obj
 .text.MEM_If_DeInit_FS
                0x0800263c        0x4 CMakeFiles/FOC_Bootloader.dir/D_/Prj/Clion_prj/FOC/USB_DEVICE/App/usbd_dfu_if.c.obj
 .text.MEM_If_Read_FS
                0x08002640        0x4 CMakeFiles/FOC_Bootloader.dir/D_/Prj/Clion_prj/FOC/USB_DEVICE/App/usbd_dfu_if.c.obj
 .text.MEM_If_Erase_FS
                0x08002644       0x14 CMakeFiles/FOC_Bootloader.dir/D_/Prj/Clion_prj/FOC/USB_DEVICE/App/usbd_dfu_if.c.obj
 .text.MEM_If_Write_FS
                0x08002658       0x40 CMakeFiles/FOC_Bootloader.dir/D_/Prj/Clion_prj/FOC/USB_DEVICE/App/usbd_dfu_if.c.obj
 .text.MEM_If_GetStatus_FS
                0x08002698       0x34 CMakeFiles/FOC_Bootloader.dir/D_/Prj/Clion_prj/FOC/USB_DEVICE/App/usbd_dfu_if.c.obj
 .text.USBD_Get_USB_Status
                0x080026cc        0xc CMakeFiles/FOC_Bootloader.dir/D_/Prj/Clion_prj/FOC/USB_DEVICE/Target/usbd_conf.c.obj
 .text.HAL_PCD_MspInit
                0x080026d8       0x74 CMakeFiles/FOC_Bootloader.dir/D_/Prj/Clion_prj/FOC/USB_DEVICE/Target/usbd_conf.c.obj
                0x080026d8                HAL_PCD_MspInit
 .text.HAL_PCD_SetupStageCallback
                0x0800274c        0xc CMakeFiles/FOC_Bootloader.dir/D_/Prj/Clion_prj/FOC/USB_DEVICE/Target/usbd_conf.c.obj
                0x0800274c                HAL_PCD_SetupStageCallback
 .text.HAL_PCD_DataOutStageCallback
                0x08002758       0x12 CMakeFiles/FOC_Bootloader.dir/D_/Prj/Clion_prj/FOC/USB_DEVICE/Target/usbd_conf.c.obj
                0x08002758                HAL_PCD_DataOutStageCallback
 .text.HAL_PCD_DataInStageCallback
                0x0800276a       0x10 CMakeFiles/FOC_Bootloader.dir/D_/Prj/Clion_prj/FOC/USB_DEVICE/Target/usbd_conf.c.obj
                0x0800276a                HAL_PCD_DataInStageCallback
 .text.HAL_PCD_SOFCallback
                0x0800277a        0x8 CMakeFiles/FOC_Bootloader.dir/D_/Prj/Clion_prj/FOC/USB_DEVICE/Target/usbd_conf.c.obj
                0x0800277a                HAL_PCD_SOFCallback
 .text.HAL_PCD_ResetCallback
                0x08002782       0x24 CMakeFiles/FOC_Bootloader.dir/D_/Prj/Clion_prj/FOC/USB_DEVICE/Target/usbd_conf.c.obj
                0x08002782                HAL_PCD_ResetCallback
 *fill*         0x080027a6        0x2 
 .text.HAL_PCD_SuspendCallback
                0x080027a8       0x20 CMakeFiles/FOC_Bootloader.dir/D_/Prj/Clion_prj/FOC/USB_DEVICE/Target/usbd_conf.c.obj
                0x080027a8                HAL_PCD_SuspendCallback
 .text.HAL_PCD_ResumeCallback
                0x080027c8        0x8 CMakeFiles/FOC_Bootloader.dir/D_/Prj/Clion_prj/FOC/USB_DEVICE/Target/usbd_conf.c.obj
                0x080027c8                HAL_PCD_ResumeCallback
 .text.USBD_LL_Init
                0x080027d0       0x54 CMakeFiles/FOC_Bootloader.dir/D_/Prj/Clion_prj/FOC/USB_DEVICE/Target/usbd_conf.c.obj
                0x080027d0                USBD_LL_Init
 .text.USBD_LL_Start
                0x08002824       0x12 CMakeFiles/FOC_Bootloader.dir/D_/Prj/Clion_prj/FOC/USB_DEVICE/Target/usbd_conf.c.obj
                0x08002824                USBD_LL_Start
 .text.USBD_LL_Stop
                0x08002836       0x12 CMakeFiles/FOC_Bootloader.dir/D_/Prj/Clion_prj/FOC/USB_DEVICE/Target/usbd_conf.c.obj
                0x08002836                USBD_LL_Stop
 .text.USBD_LL_OpenEP
                0x08002848       0x18 CMakeFiles/FOC_Bootloader.dir/D_/Prj/Clion_prj/FOC/USB_DEVICE/Target/usbd_conf.c.obj
                0x08002848                USBD_LL_OpenEP
 .text.USBD_LL_StallEP
                0x08002860       0x12 CMakeFiles/FOC_Bootloader.dir/D_/Prj/Clion_prj/FOC/USB_DEVICE/Target/usbd_conf.c.obj
                0x08002860                USBD_LL_StallEP
 .text.USBD_LL_ClearStallEP
                0x08002872       0x12 CMakeFiles/FOC_Bootloader.dir/D_/Prj/Clion_prj/FOC/USB_DEVICE/Target/usbd_conf.c.obj
                0x08002872                USBD_LL_ClearStallEP
 .text.USBD_LL_IsStallEP
                0x08002884       0x22 CMakeFiles/FOC_Bootloader.dir/D_/Prj/Clion_prj/FOC/USB_DEVICE/Target/usbd_conf.c.obj
                0x08002884                USBD_LL_IsStallEP
 .text.USBD_LL_SetUSBAddress
                0x080028a6       0x12 CMakeFiles/FOC_Bootloader.dir/D_/Prj/Clion_prj/FOC/USB_DEVICE/Target/usbd_conf.c.obj
                0x080028a6                USBD_LL_SetUSBAddress
 .text.USBD_LL_Transmit
                0x080028b8       0x12 CMakeFiles/FOC_Bootloader.dir/D_/Prj/Clion_prj/FOC/USB_DEVICE/Target/usbd_conf.c.obj
                0x080028b8                USBD_LL_Transmit
 .text.USBD_LL_PrepareReceive
                0x080028ca       0x12 CMakeFiles/FOC_Bootloader.dir/D_/Prj/Clion_prj/FOC/USB_DEVICE/Target/usbd_conf.c.obj
                0x080028ca                USBD_LL_PrepareReceive
 .text.USBD_static_malloc
                0x080028dc        0x8 CMakeFiles/FOC_Bootloader.dir/D_/Prj/Clion_prj/FOC/USB_DEVICE/Target/usbd_conf.c.obj
                0x080028dc                USBD_static_malloc
 .text.USBD_static_free
                0x080028e4        0x2 CMakeFiles/FOC_Bootloader.dir/D_/Prj/Clion_prj/FOC/USB_DEVICE/Target/usbd_conf.c.obj
                0x080028e4                USBD_static_free
 .text.HAL_PCDEx_SetConnectionState
                0x080028e6        0x2 CMakeFiles/FOC_Bootloader.dir/D_/Prj/Clion_prj/FOC/USB_DEVICE/Target/usbd_conf.c.obj
                0x080028e6                HAL_PCDEx_SetConnectionState
 .text.USBD_Init
                0x080028e8       0x2a CMakeFiles/FOC_Bootloader.dir/D_/Prj/Clion_prj/FOC/Middlewares/ST/STM32_USB_Device_Library/Core/Src/usbd_core.c.obj
                0x080028e8                USBD_Init
 .text.USBD_RegisterClass
                0x08002912        0xe CMakeFiles/FOC_Bootloader.dir/D_/Prj/Clion_prj/FOC/Middlewares/ST/STM32_USB_Device_Library/Core/Src/usbd_core.c.obj
                0x08002912                USBD_RegisterClass
 .text.USBD_Start
                0x08002920        0xa CMakeFiles/FOC_Bootloader.dir/D_/Prj/Clion_prj/FOC/Middlewares/ST/STM32_USB_Device_Library/Core/Src/usbd_core.c.obj
                0x08002920                USBD_Start
 .text.USBD_Stop
                0x0800292a       0x18 CMakeFiles/FOC_Bootloader.dir/D_/Prj/Clion_prj/FOC/Middlewares/ST/STM32_USB_Device_Library/Core/Src/usbd_core.c.obj
                0x0800292a                USBD_Stop
 .text.USBD_SetClassConfig
                0x08002942       0x1a CMakeFiles/FOC_Bootloader.dir/D_/Prj/Clion_prj/FOC/Middlewares/ST/STM32_USB_Device_Library/Core/Src/usbd_core.c.obj
                0x08002942                USBD_SetClassConfig
 .text.USBD_ClrClassConfig
                0x0800295c        0xe CMakeFiles/FOC_Bootloader.dir/D_/Prj/Clion_prj/FOC/Middlewares/ST/STM32_USB_Device_Library/Core/Src/usbd_core.c.obj
                0x0800295c                USBD_ClrClassConfig
 .text.USBD_LL_SetupStage
                0x0800296a       0x5e CMakeFiles/FOC_Bootloader.dir/D_/Prj/Clion_prj/FOC/Middlewares/ST/STM32_USB_Device_Library/Core/Src/usbd_core.c.obj
                0x0800296a                USBD_LL_SetupStage
 .text.USBD_LL_DataOutStage
                0x080029c8       0x70 CMakeFiles/FOC_Bootloader.dir/D_/Prj/Clion_prj/FOC/Middlewares/ST/STM32_USB_Device_Library/Core/Src/usbd_core.c.obj
                0x080029c8                USBD_LL_DataOutStage
 .text.USBD_LL_DataInStage
                0x08002a38       0xbc CMakeFiles/FOC_Bootloader.dir/D_/Prj/Clion_prj/FOC/Middlewares/ST/STM32_USB_Device_Library/Core/Src/usbd_core.c.obj
                0x08002a38                USBD_LL_DataInStage
 .text.USBD_LL_Reset
                0x08002af4       0x4e CMakeFiles/FOC_Bootloader.dir/D_/Prj/Clion_prj/FOC/Middlewares/ST/STM32_USB_Device_Library/Core/Src/usbd_core.c.obj
                0x08002af4                USBD_LL_Reset
 .text.USBD_LL_SetSpeed
                0x08002b42        0x6 CMakeFiles/FOC_Bootloader.dir/D_/Prj/Clion_prj/FOC/Middlewares/ST/STM32_USB_Device_Library/Core/Src/usbd_core.c.obj
                0x08002b42                USBD_LL_SetSpeed
 .text.USBD_LL_Suspend
                0x08002b48       0x12 CMakeFiles/FOC_Bootloader.dir/D_/Prj/Clion_prj/FOC/Middlewares/ST/STM32_USB_Device_Library/Core/Src/usbd_core.c.obj
                0x08002b48                USBD_LL_Suspend
 .text.USBD_LL_Resume
                0x08002b5a       0x14 CMakeFiles/FOC_Bootloader.dir/D_/Prj/Clion_prj/FOC/Middlewares/ST/STM32_USB_Device_Library/Core/Src/usbd_core.c.obj
                0x08002b5a                USBD_LL_Resume
 .text.USBD_LL_SOF
                0x08002b6e       0x18 CMakeFiles/FOC_Bootloader.dir/D_/Prj/Clion_prj/FOC/Middlewares/ST/STM32_USB_Device_Library/Core/Src/usbd_core.c.obj
                0x08002b6e                USBD_LL_SOF
 .text.USBD_CtlError.constprop.0
                0x08002b86       0x16 CMakeFiles/FOC_Bootloader.dir/D_/Prj/Clion_prj/FOC/Middlewares/ST/STM32_USB_Device_Library/Core/Src/usbd_ctlreq.c.obj
 .text.USBD_StdDevReq
                0x08002b9c      0x2a8 CMakeFiles/FOC_Bootloader.dir/D_/Prj/Clion_prj/FOC/Middlewares/ST/STM32_USB_Device_Library/Core/Src/usbd_ctlreq.c.obj
                0x08002b9c                USBD_StdDevReq
 .text.USBD_StdItfReq
                0x08002e44       0x48 CMakeFiles/FOC_Bootloader.dir/D_/Prj/Clion_prj/FOC/Middlewares/ST/STM32_USB_Device_Library/Core/Src/usbd_ctlreq.c.obj
                0x08002e44                USBD_StdItfReq
 .text.USBD_StdEPReq
                0x08002e8c      0x130 CMakeFiles/FOC_Bootloader.dir/D_/Prj/Clion_prj/FOC/Middlewares/ST/STM32_USB_Device_Library/Core/Src/usbd_ctlreq.c.obj
                0x08002e8c                USBD_StdEPReq
 .text.USBD_ParseSetupRequest
                0x08002fbc       0x16 CMakeFiles/FOC_Bootloader.dir/D_/Prj/Clion_prj/FOC/Middlewares/ST/STM32_USB_Device_Library/Core/Src/usbd_ctlreq.c.obj
                0x08002fbc                USBD_ParseSetupRequest
 .text.USBD_CtlError
                0x08002fd2       0x16 CMakeFiles/FOC_Bootloader.dir/D_/Prj/Clion_prj/FOC/Middlewares/ST/STM32_USB_Device_Library/Core/Src/usbd_ctlreq.c.obj
                0x08002fd2                USBD_CtlError
 .text.USBD_GetString
                0x08002fe8       0x36 CMakeFiles/FOC_Bootloader.dir/D_/Prj/Clion_prj/FOC/Middlewares/ST/STM32_USB_Device_Library/Core/Src/usbd_ctlreq.c.obj
                0x08002fe8                USBD_GetString
 .text.USBD_CtlSendData
                0x0800301e       0x1a CMakeFiles/FOC_Bootloader.dir/D_/Prj/Clion_prj/FOC/Middlewares/ST/STM32_USB_Device_Library/Core/Src/usbd_ioreq.c.obj
                0x0800301e                USBD_CtlSendData
 .text.USBD_CtlContinueSendData
                0x08003038       0x10 CMakeFiles/FOC_Bootloader.dir/D_/Prj/Clion_prj/FOC/Middlewares/ST/STM32_USB_Device_Library/Core/Src/usbd_ioreq.c.obj
                0x08003038                USBD_CtlContinueSendData
 .text.USBD_CtlPrepareRx
                0x08003048       0x1a CMakeFiles/FOC_Bootloader.dir/D_/Prj/Clion_prj/FOC/Middlewares/ST/STM32_USB_Device_Library/Core/Src/usbd_ioreq.c.obj
                0x08003048                USBD_CtlPrepareRx
 .text.USBD_CtlContinueRx
                0x08003062       0x10 CMakeFiles/FOC_Bootloader.dir/D_/Prj/Clion_prj/FOC/Middlewares/ST/STM32_USB_Device_Library/Core/Src/usbd_ioreq.c.obj
                0x08003062                USBD_CtlContinueRx
 .text.USBD_CtlSendStatus
                0x08003072       0x16 CMakeFiles/FOC_Bootloader.dir/D_/Prj/Clion_prj/FOC/Middlewares/ST/STM32_USB_Device_Library/Core/Src/usbd_ioreq.c.obj
                0x08003072                USBD_CtlSendStatus
 .text.USBD_CtlReceiveStatus
                0x08003088       0x16 CMakeFiles/FOC_Bootloader.dir/D_/Prj/Clion_prj/FOC/Middlewares/ST/STM32_USB_Device_Library/Core/Src/usbd_ioreq.c.obj
                0x08003088                USBD_CtlReceiveStatus
 *fill*         0x0800309e        0x2 
 .text.USBD_DFU_GetCfgDesc
                0x080030a0        0xc CMakeFiles/FOC_Bootloader.dir/D_/Prj/Clion_prj/FOC/Middlewares/ST/STM32_USB_Device_Library/Class/DFU/Src/usbd_dfu.c.obj
 .text.USBD_DFU_DataIn
                0x080030ac        0x4 CMakeFiles/FOC_Bootloader.dir/D_/Prj/Clion_prj/FOC/Middlewares/ST/STM32_USB_Device_Library/Class/DFU/Src/usbd_dfu.c.obj
 .text.USBD_DFU_EP0_RxReady
                0x080030b0        0x4 CMakeFiles/FOC_Bootloader.dir/D_/Prj/Clion_prj/FOC/Middlewares/ST/STM32_USB_Device_Library/Class/DFU/Src/usbd_dfu.c.obj
 .text.USBD_DFU_GetDeviceQualifierDesc
                0x080030b4        0xc CMakeFiles/FOC_Bootloader.dir/D_/Prj/Clion_prj/FOC/Middlewares/ST/STM32_USB_Device_Library/Class/DFU/Src/usbd_dfu.c.obj
 .text.USBD_DFU_EP0_TxReady
                0x080030c0      0x128 CMakeFiles/FOC_Bootloader.dir/D_/Prj/Clion_prj/FOC/Middlewares/ST/STM32_USB_Device_Library/Class/DFU/Src/usbd_dfu.c.obj
 .text.USBD_DFU_DeInit
                0x080031e8       0x38 CMakeFiles/FOC_Bootloader.dir/D_/Prj/Clion_prj/FOC/Middlewares/ST/STM32_USB_Device_Library/Class/DFU/Src/usbd_dfu.c.obj
 .text.USBD_DFU_Init
                0x08003220       0x4c CMakeFiles/FOC_Bootloader.dir/D_/Prj/Clion_prj/FOC/Middlewares/ST/STM32_USB_Device_Library/Class/DFU/Src/usbd_dfu.c.obj
 .text.USBD_DFU_IsoOutIncomplete
                0x0800326c        0x4 CMakeFiles/FOC_Bootloader.dir/D_/Prj/Clion_prj/FOC/Middlewares/ST/STM32_USB_Device_Library/Class/DFU/Src/usbd_dfu.c.obj
 .text.USBD_DFU_GetUsrStringDesc
                0x08003270       0x20 CMakeFiles/FOC_Bootloader.dir/D_/Prj/Clion_prj/FOC/Middlewares/ST/STM32_USB_Device_Library/Class/DFU/Src/usbd_dfu.c.obj
 .text.USBD_DFU_Setup
                0x08003290      0x2e8 CMakeFiles/FOC_Bootloader.dir/D_/Prj/Clion_prj/FOC/Middlewares/ST/STM32_USB_Device_Library/Class/DFU/Src/usbd_dfu.c.obj
 .text.USBD_DFU_DataOut
                0x08003578        0x4 CMakeFiles/FOC_Bootloader.dir/D_/Prj/Clion_prj/FOC/Middlewares/ST/STM32_USB_Device_Library/Class/DFU/Src/usbd_dfu.c.obj
 .text.USBD_DFU_IsoINIncomplete
                0x0800357c        0x4 CMakeFiles/FOC_Bootloader.dir/D_/Prj/Clion_prj/FOC/Middlewares/ST/STM32_USB_Device_Library/Class/DFU/Src/usbd_dfu.c.obj
 .text.USBD_DFU_SOF
                0x08003580        0x4 CMakeFiles/FOC_Bootloader.dir/D_/Prj/Clion_prj/FOC/Middlewares/ST/STM32_USB_Device_Library/Class/DFU/Src/usbd_dfu.c.obj
 .text.USBD_DFU_RegisterMedia
                0x08003584        0xa CMakeFiles/FOC_Bootloader.dir/D_/Prj/Clion_prj/FOC/Middlewares/ST/STM32_USB_Device_Library/Class/DFU/Src/usbd_dfu.c.obj
                0x08003584                USBD_DFU_RegisterMedia
 .text.memset   0x0800358e       0x10 D:/Toolchains/arm-gnu-toolchain-15.2.rel1-mingw-w64-i686-arm-none-eabi/bin/../lib/gcc/arm-none-eabi/15.2.1/../../../../arm-none-eabi/lib/thumb/v7-m/nofp\libg_nano.a(libc_a-memset.o)
                0x0800358e                memset
 *fill*         0x0800359e        0x2 
 .text.__libc_init_array
                0x080035a0       0x48 D:/Toolchains/arm-gnu-toolchain-15.2.rel1-mingw-w64-i686-arm-none-eabi/bin/../lib/gcc/arm-none-eabi/15.2.1/../../../../arm-none-eabi/lib/thumb/v7-m/nofp\libg_nano.a(libc_a-init.o)
                0x080035a0                __libc_init_array
 *(.glue_7)
 .glue_7        0x080035e8        0x0 linker stubs
 *(.glue_7t)
 .glue_7t       0x080035e8        0x0 linker stubs
 *(.eh_frame)
 .eh_frame      0x080035e8        0x0 D:/Toolchains/arm-gnu-toolchain-15.2.rel1-mingw-w64-i686-arm-none-eabi/bin/../lib/gcc/arm-none-eabi/15.2.1/thumb/v7-m/nofp/crtbegin.o
 *(.init)
 .init          0x080035e8        0x4 D:/Toolchains/arm-gnu-toolchain-15.2.rel1-mingw-w64-i686-arm-none-eabi/bin/../lib/gcc/arm-none-eabi/15.2.1/thumb/v7-m/nofp/crti.o
                0x080035e8                _init
 .init          0x080035ec        0x8 D:/Toolchains/arm-gnu-toolchain-15.2.rel1-mingw-w64-i686-arm-none-eabi/bin/../lib/gcc/arm-none-eabi/15.2.1/thumb/v7-m/nofp/crtn.o
 *(.fini)
 .fini          0x080035f4        0x4 D:/Toolchains/arm-gnu-toolchain-15.2.rel1-mingw-w64-i686-arm-none-eabi/bin/../lib/gcc/arm-none-eabi/15.2.1/thumb/v7-m/nofp/crti.o
                0x080035f4                _fini
 .fini          0x080035f8        0x8 D:/Toolchains/arm-gnu-toolchain-15.2.rel1-mingw-w64-i686-arm-none-eabi/bin/../lib/gcc/arm-none-eabi/15.2.1/thumb/v7-m/nofp/crtn.o
                0x08003600                        . = ALIGN (0x4)
                0x08003600                        _etext = .

.vfp11_veneer   0x08003600        0x0
 .vfp11_veneer  0x08003600        0x0 linker stubs

.v4_bx          0x08003600        0x0
 .v4_bx         0x08003600        0x0 linker stubs

.iplt           0x08003600        0x0
 .iplt          0x08003600        0x0 D:/Toolchains/arm-gnu-toolchain-15.2.rel1-mingw-w64-i686-arm-none-eabi/bin/../lib/gcc/arm-none-eabi/15.2.1/thumb/v7-m/nofp/crtbegin.o

.rodata         0x08003600       0xa0
                0x08003600                        . = ALIGN (0x4)
 *(.rodata)
 *(.rodata*)
 .rodata.AHBPrescTable
                0x08003600       0x10 CMakeFiles/FOC_Bootloader.dir/D_/Prj/Clion_prj/FOC/Core/Src/system_stm32f1xx.c.obj
                0x08003600                AHBPrescTable
 .rodata.aPredivFactorTable.0
                0x08003610        0x2 CMakeFiles/FOC_Bootloader.dir/D_/Prj/Clion_prj/FOC/Drivers/STM32F1xx_HAL_Driver/Src/stm32f1xx_hal_rcc.c.obj
 .rodata.aPLLMULFactorTable.1
                0x08003612       0x10 CMakeFiles/FOC_Bootloader.dir/D_/Prj/Clion_prj/FOC/Drivers/STM32F1xx_HAL_Driver/Src/stm32f1xx_hal_rcc.c.obj
 .rodata.USBD_FS_ManufacturerStrDescriptor.str1.1
                0x08003622       0x7b CMakeFiles/FOC_Bootloader.dir/D_/Prj/Clion_prj/FOC/USB_DEVICE/App/usbd_desc.c.obj
                                 0x13 (size before relaxing)
 .rodata.USBD_FS_ProductStrDescriptor.str1.1
                0x0800369d        0x0 CMakeFiles/FOC_Bootloader.dir/D_/Prj/Clion_prj/FOC/USB_DEVICE/App/usbd_desc.c.obj
                                 0x1f (size before relaxing)
 .rodata.USBD_FS_ConfigStrDescriptor.str1.1
                0x0800369d        0x0 CMakeFiles/FOC_Bootloader.dir/D_/Prj/Clion_prj/FOC/USB_DEVICE/App/usbd_desc.c.obj
                                  0xb (size before relaxing)
 .rodata.USBD_FS_InterfaceStrDescriptor.str1.1
                0x0800369d        0x0 CMakeFiles/FOC_Bootloader.dir/D_/Prj/Clion_prj/FOC/USB_DEVICE/App/usbd_desc.c.obj
                                  0xe (size before relaxing)
 .rodata.str1.1
                0x0800369d        0x0 CMakeFiles/FOC_Bootloader.dir/D_/Prj/Clion_prj/FOC/USB_DEVICE/App/usbd_dfu_if.c.obj
                                 0x30 (size before relaxing)
                0x080036a0                        . = ALIGN (0x4)
 *fill*         0x0800369d        0x3 

.ARM.extab      0x080036a0        0x0
                0x080036a0                        . = ALIGN (0x4)
 *(.ARM.extab* .gnu.linkonce.armextab.*)
                0x080036a0                        . = ALIGN (0x4)

.ARM            0x080036a0        0x8
                0x080036a0                        . = ALIGN (0x4)
                0x080036a0                        __exidx_start = .
 *(.ARM.exidx*)
 .ARM.exidx     0x080036a0        0x8 D:/Toolchains/arm-gnu-toolchain-15.2.rel1-mingw-w64-i686-arm-none-eabi/bin/../lib/gcc/arm-none-eabi/15.2.1/../../../../arm-none-eabi/lib/thumb/v7-m/nofp\libg_nano.a(libc_a-strlen.o)
                0x080036a8                        __exidx_end = .
                0x080036a8                        . = ALIGN (0x4)

.preinit_array  0x080036a8        0x0
                0x080036a8                        . = ALIGN (0x4)
                0x080036a8                        PROVIDE (__preinit_array_start = .)
 *(.preinit_array*)
                0x080036a8                        PROVIDE (__preinit_array_end = .)
                0x080036a8                        . = ALIGN (0x4)

.init_array     0x080036a8        0x4
                0x080036a8                        . = ALIGN (0x4)
                0x080036a8                        PROVIDE (__init_array_start = .)
 *(SORT_BY_NAME(.init_array.*))
 *(.init_array*)
 .init_array    0x080036a8        0x4 D:/Toolchains/arm-gnu-toolchain-15.2.rel1-mingw-w64-i686-arm-none-eabi/bin/../lib/gcc/arm-none-eabi/15.2.1/thumb/v7-m/nofp/crtbegin.o
                0x080036ac                        PROVIDE (__init_array_end = .)
                0x080036ac                        . = ALIGN (0x4)

.fini_array     0x080036ac        0x4
                0x080036ac                        . = ALIGN (0x4)
                [!provide]                        PROVIDE (__fini_array_start = .)
 *(SORT_BY_NAME(.fini_array.*))
 *(.fini_array*)
 .fini_array    0x080036ac        0x4 D:/Toolchains/arm-gnu-toolchain-15.2.rel1-mingw-w64-i686-arm-none-eabi/bin/../lib/gcc/arm-none-eabi/15.2.1/thumb/v7-m/nofp/crtbegin.o
                [!provide]                        PROVIDE (__fini_array_end = .)
                0x080036b0                        . = ALIGN (0x4)
                0x080036b0                        _sidata = LOADADDR (.data)

.rel.dyn        0x080036b0        0x0
 .rel.iplt      0x080036b0        0x0 D:/Toolchains/arm-gnu-toolchain-15.2.rel1-mingw-w64-i686-arm-none-eabi/bin/../lib/gcc/arm-none-eabi/15.2.1/thumb/v7-m/nofp/crtbegin.o

.data           0x20000000       0xdc load address 0x080036b0
                0x20000000                        . = ALIGN (0x4)
                0x20000000                        _sdata = .
 *(.data)
 *(.data*)
 .data.SystemCoreClock
                0x20000000        0x4 CMakeFiles/FOC_Bootloader.dir/D_/Prj/Clion_prj/FOC/Core/Src/system_stm32f1xx.c.obj
                0x20000000                SystemCoreClock
 .data.uwTickFreq
                0x20000004        0x1 CMakeFiles/FOC_Bootloader.dir/D_/Prj/Clion_prj/FOC/Drivers/STM32F1xx_HAL_Driver/Src/stm32f1xx_hal.c.obj
                0x20000004                uwTickFreq
 *fill*         0x20000005        0x3 
 .data.uwTickPrio
                0x20000008        0x4 CMakeFiles/FOC_Bootloader.dir/D_/Prj/Clion_prj/FOC/Drivers/STM32F1xx_HAL_Driver/Src/stm32f1xx_hal.c.obj
                0x20000008                uwTickPrio
 .data.USBD_StringSerial
                0x2000000c       0x1a CMakeFiles/FOC_Bootloader.dir/D_/Prj/Clion_prj/FOC/USB_DEVICE/App/usbd_desc.c.obj
                0x2000000c                USBD_StringSerial
 *fill*         0x20000026        0x2 
 .data.USBD_LangIDDesc
                0x20000028        0x4 CMakeFiles/FOC_Bootloader.dir/D_/Prj/Clion_prj/FOC/USB_DEVICE/App/usbd_desc.c.obj
                0x20000028                USBD_LangIDDesc
 .data.USBD_FS_DeviceDesc
                0x2000002c       0x12 CMakeFiles/FOC_Bootloader.dir/D_/Prj/Clion_prj/FOC/USB_DEVICE/App/usbd_desc.c.obj
                0x2000002c                USBD_FS_DeviceDesc
 *fill*         0x2000003e        0x2 
 .data.FS_Desc  0x20000040       0x1c CMakeFiles/FOC_Bootloader.dir/D_/Prj/Clion_prj/FOC/USB_DEVICE/App/usbd_desc.c.obj
                0x20000040                FS_Desc
 .data.USBD_DFU_fops_FS
                0x2000005c       0x1c CMakeFiles/FOC_Bootloader.dir/D_/Prj/Clion_prj/FOC/USB_DEVICE/App/usbd_dfu_if.c.obj
                0x2000005c                USBD_DFU_fops_FS
 .data.USBD_DFU_DeviceQualifierDesc
                0x20000078        0xa CMakeFiles/FOC_Bootloader.dir/D_/Prj/Clion_prj/FOC/Middlewares/ST/STM32_USB_Device_Library/Class/DFU/Src/usbd_dfu.c.obj
 *fill*         0x20000082        0x2 
 .data.USBD_DFU_CfgDesc
                0x20000084       0x1b CMakeFiles/FOC_Bootloader.dir/D_/Prj/Clion_prj/FOC/Middlewares/ST/STM32_USB_Device_Library/Class/DFU/Src/usbd_dfu.c.obj
 *fill*         0x2000009f        0x1 
 .data.USBD_DFU
                0x200000a0       0x3c CMakeFiles/FOC_Bootloader.dir/D_/Prj/Clion_prj/FOC/Middlewares/ST/STM32_USB_Device_Library/Class/DFU/Src/usbd_dfu.c.obj
                0x200000a0                USBD_DFU
 *(.RamFunc)
 *(.RamFunc*)
                0x200000dc                        . = ALIGN (0x4)

.tm_clone_table
                0x200000dc        0x0 load address 0x0800378c
 .tm_clone_table
                0x200000dc        0x0 D:/Toolchains/arm-gnu-toolchain-15.2.rel1-mingw-w64-i686-arm-none-eabi/bin/../lib/gcc/arm-none-eabi/15.2.1/thumb/v7-m/nofp/crtbegin.o
 .tm_clone_table
                0x200000dc        0x0 D:/Toolchains/arm-gnu-toolchain-15.2.rel1-mingw-w64-i686-arm-none-eabi/bin/../lib/gcc/arm-none-eabi/15.2.1/thumb/v7-m/nofp/crtend.o

.igot.plt       0x200000dc        0x0 load address 0x0800378c
 .igot.plt      0x200000dc        0x0 D:/Toolchains/arm-gnu-toolchain-15.2.rel1-mingw-w64-i686-arm-none-eabi/bin/../lib/gcc/arm-none-eabi/15.2.1/thumb/v7-m/nofp/crtbegin.o

.tdata          0x200000dc        0x0 load address 0x0800378c
 *(.tdata .tdata.* .gnu.linkonce.td.*)
                0x200000dc                        . = ALIGN (0x4)
                0x200000dc                        _edata = .
                [!provide]                        PROVIDE (__data_end = .)
                [!provide]                        PROVIDE (__tdata_end = .)
                [!provide]                        PROVIDE (__tdata_start = ADDR (.tdata))
                [!provide]                        PROVIDE (__tdata_size = (__tdata_end - __tdata_start))
                [!provide]                        PROVIDE (__data_start = ADDR (.data))
                [!provide]                        PROVIDE (__data_size = (__data_end - __data_start))
                [!provide]                        PROVIDE (__tdata_source = LOADADDR (.tdata))
                [!provide]                        PROVIDE (__tdata_source_end = (LOADADDR (.tdata) + SIZEOF (.tdata)))
                [!provide]                        PROVIDE (__tdata_source_size = (__tdata_source_end - __tdata_source))
                [!provide]                        PROVIDE (__data_source = LOADADDR (.data))
                [!provide]                        PROVIDE (__data_source_end = __tdata_source_end)
                [!provide]                        PROVIDE (__data_source_size = (__data_source_end - __data_source))

.tbss           0x200000dc        0x0 load address 0x0800378c
                0x200000dc                        _sbss = .
                0x200000dc                        __bss_start__ = _sbss
 *(.tbss .tbss.*)
                0x200000dc                        . = ALIGN (0x4)
                [!provide]                        PROVIDE (__tbss_end = .)
                [!provide]                        PROVIDE (__tbss_start = ADDR (.tbss))
                [!provide]                        PROVIDE (__tbss_size = (__tbss_end - __tbss_start))
                [!provide]                        PROVIDE (__tbss_offset = (ADDR (.tbss) - ADDR (.tdata)))
                [!provide]                        PROVIDE (__tls_base = __tdata_start)
                [!provide]                        PROVIDE (__tls_end = __tbss_end)
                [!provide]                        PROVIDE (__tls_size = (__tls_end - __tls_base))
                [!provide]                        PROVIDE (__tls_align = MAX (ALIGNOF (.tdata), ALIGNOF (.tbss)))
                [!provide]                        PROVIDE (__tls_size_align = (((__tls_size + __tls_align) - 0x1) & ~ ((__tls_align - 0x1))))
                [!provide]                        PROVIDE (__arm32_tls_tcb_offset = MAX (0x8, __tls_align))
                [!provide]                        PROVIDE (__arm64_tls_tcb_offset = MAX (0x10, __tls_align))

.bss            0x200000e0      0xd08 load address 0x0800378c
 *(.bss)
 *(.bss*)
 .bss.completed.1
                0x200000e0        0x1 D:/Toolchains/arm-gnu-toolchain-15.2.rel1-mingw-w64-i686-arm-none-eabi/bin/../lib/gcc/arm-none-eabi/15.2.1/thumb/v7-m/nofp/crtbegin.o
 *fill*         0x200000e1        0x3 
 .bss.object.0  0x200000e4       0x18 D:/Toolchains/arm-gnu-toolchain-15.2.rel1-mingw-w64-i686-arm-none-eabi/bin/../lib/gcc/arm-none-eabi/15.2.1/thumb/v7-m/nofp/crtbegin.o
 .bss.g_upgrade_complete
                0x200000fc        0x1 CMakeFiles/FOC_Bootloader.dir/Core/Src/main.c.obj
                0x200000fc                g_upgrade_complete
 *fill*         0x200000fd        0x3 
 .bss.uwTick    0x20000100        0x4 CMakeFiles/FOC_Bootloader.dir/D_/Prj/Clion_prj/FOC/Drivers/STM32F1xx_HAL_Driver/Src/stm32f1xx_hal.c.obj
                0x20000100                uwTick
 *fill*         0x20000104        0x4 
 .bss.pFlash    0x20000108       0x20 CMakeFiles/FOC_Bootloader.dir/D_/Prj/Clion_prj/FOC/Drivers/STM32F1xx_HAL_Driver/Src/stm32f1xx_hal_flash.c.obj
                0x20000108                pFlash
 .bss.hUsbDeviceFS
                0x20000128      0x2c4 CMakeFiles/FOC_Bootloader.dir/D_/Prj/Clion_prj/FOC/USB_DEVICE/App/usb_device.c.obj
                0x20000128                hUsbDeviceFS
 .bss.USBD_StrDesc
                0x200003ec      0x200 CMakeFiles/FOC_Bootloader.dir/D_/Prj/Clion_prj/FOC/USB_DEVICE/App/usbd_desc.c.obj
                0x200003ec                USBD_StrDesc
 .bss.total_received_len
                0x200005ec        0x4 CMakeFiles/FOC_Bootloader.dir/D_/Prj/Clion_prj/FOC/USB_DEVICE/App/usbd_dfu_if.c.obj
                0x200005ec                total_received_len
 .bss.mem.0     0x200005f0      0x420 CMakeFiles/FOC_Bootloader.dir/D_/Prj/Clion_prj/FOC/USB_DEVICE/Target/usbd_conf.c.obj
 .bss.hpcd_USB_FS
                0x20000a10      0x2d8 CMakeFiles/FOC_Bootloader.dir/D_/Prj/Clion_prj/FOC/USB_DEVICE/Target/usbd_conf.c.obj
                0x20000a10                hpcd_USB_FS
 .bss.cfgidx.0  0x20000ce8        0x1 CMakeFiles/FOC_Bootloader.dir/D_/Prj/Clion_prj/FOC/Middlewares/ST/STM32_USB_Device_Library/Core/Src/usbd_ctlreq.c.obj
 .bss.USBD_StrDesc.0
                0x20000ce9       0xff CMakeFiles/FOC_Bootloader.dir/D_/Prj/Clion_prj/FOC/Middlewares/ST/STM32_USB_Device_Library/Class/DFU/Src/usbd_dfu.c.obj
 *(COMMON)
                0x20000de8                        . = ALIGN (0x4)
                0x20000de8                        _ebss = .
                0x20000de8                        __bss_end__ = _ebss
                [!provide]                        PROVIDE (__bss_end = .)
                [!provide]                        PROVIDE (__non_tls_bss_start = ADDR (.bss))
                [!provide]                        PROVIDE (__bss_start = __tbss_start)
                [!provide]                        PROVIDE (__bss_size = (__bss_end - __bss_start))

._user_heap_stack
                0x20000de8      0x800 load address 0x0800378c
                0x20000de8                        . = ALIGN (0x8)
                [!provide]                        PROVIDE (end = .)
                0x20000de8                        PROVIDE (_end = .)
                0x20000de8                        . = (. + _Min_Heap_Size)
                0x200015e8                        . = (. + _Min_Stack_Size)
 *fill*         0x20000de8      0x800 
                0x200015e8                        . = ALIGN (0x8)

/DISCARD/
 libc.a:*(*)
 libm.a:*(*)
 libgcc.a:*(*)
OUTPUT(FOC_Bootloader.elf elf32-littlearm)
LOAD linker stubs

.ARM.attributes
                0x00000000       0x29
 .ARM.attributes
                0x00000000       0x1d D:/Toolchains/arm-gnu-toolchain-15.2.rel1-mingw-w64-i686-arm-none-eabi/bin/../lib/gcc/arm-none-eabi/15.2.1/thumb/v7-m/nofp/crti.o
 .ARM.attributes
                0x0000001d       0x2d D:/Toolchains/arm-gnu-toolchain-15.2.rel1-mingw-w64-i686-arm-none-eabi/bin/../lib/gcc/arm-none-eabi/15.2.1/thumb/v7-m/nofp/crtbegin.o
 .ARM.attributes
                0x0000004a       0x2d CMakeFiles/FOC_Bootloader.dir/Core/Src/main.c.obj
 .ARM.attributes
                0x00000077       0x2d CMakeFiles/FOC_Bootloader.dir/Core/Src/bootloader.c.obj
 .ARM.attributes
                0x000000a4       0x2d CMakeFiles/FOC_Bootloader.dir/Core/Src/stm32f1xx_it.c.obj
 .ARM.attributes
                0x000000d1       0x2d CMakeFiles/FOC_Bootloader.dir/D_/Prj/Clion_prj/FOC/Core/Src/system_stm32f1xx.c.obj
 .ARM.attributes
                0x000000fe       0x21 CMakeFiles/FOC_Bootloader.dir/D_/Prj/Clion_prj/FOC/startup_stm32f103xb.s.obj
 .ARM.attributes
                0x0000011f       0x2d CMakeFiles/FOC_Bootloader.dir/D_/Prj/Clion_prj/FOC/Drivers/STM32F1xx_HAL_Driver/Src/stm32f1xx_hal.c.obj
 .ARM.attributes
                0x0000014c       0x2d CMakeFiles/FOC_Bootloader.dir/D_/Prj/Clion_prj/FOC/Drivers/STM32F1xx_HAL_Driver/Src/stm32f1xx_hal_cortex.c.obj
 .ARM.attributes
                0x00000179       0x2d CMakeFiles/FOC_Bootloader.dir/D_/Prj/Clion_prj/FOC/Drivers/STM32F1xx_HAL_Driver/Src/stm32f1xx_hal_flash.c.obj
 .ARM.attributes
                0x000001a6       0x2d CMakeFiles/FOC_Bootloader.dir/D_/Prj/Clion_prj/FOC/Drivers/STM32F1xx_HAL_Driver/Src/stm32f1xx_hal_flash_ex.c.obj
 .ARM.attributes
                0x000001d3       0x2d CMakeFiles/FOC_Bootloader.dir/D_/Prj/Clion_prj/FOC/Drivers/STM32F1xx_HAL_Driver/Src/stm32f1xx_hal_gpio.c.obj
 .ARM.attributes
                0x00000200       0x2d CMakeFiles/FOC_Bootloader.dir/D_/Prj/Clion_prj/FOC/Drivers/STM32F1xx_HAL_Driver/Src/stm32f1xx_hal_pcd.c.obj
 .ARM.attributes
                0x0000022d       0x2d CMakeFiles/FOC_Bootloader.dir/D_/Prj/Clion_prj/FOC/Drivers/STM32F1xx_HAL_Driver/Src/stm32f1xx_hal_pcd_ex.c.obj
 .ARM.attributes
                0x0000025a       0x2d CMakeFiles/FOC_Bootloader.dir/D_/Prj/Clion_prj/FOC/Drivers/STM32F1xx_HAL_Driver/Src/stm32f1xx_hal_rcc.c.obj
 .ARM.attributes
                0x00000287       0x2d CMakeFiles/FOC_Bootloader.dir/D_/Prj/Clion_prj/FOC/Drivers/STM32F1xx_HAL_Driver/Src/stm32f1xx_hal_rcc_ex.c.obj
 .ARM.attributes
                0x000002b4       0x2d CMakeFiles/FOC_Bootloader.dir/D_/Prj/Clion_prj/FOC/Drivers/STM32F1xx_HAL_Driver/Src/stm32f1xx_ll_usb.c.obj
 .ARM.attributes
                0x000002e1       0x2d CMakeFiles/FOC_Bootloader.dir/D_/Prj/Clion_prj/FOC/USB_DEVICE/App/usb_device.c.obj
 .ARM.attributes
                0x0000030e       0x2d CMakeFiles/FOC_Bootloader.dir/D_/Prj/Clion_prj/FOC/USB_DEVICE/App/usbd_desc.c.obj
 .ARM.attributes
                0x0000033b       0x2d CMakeFiles/FOC_Bootloader.dir/D_/Prj/Clion_prj/FOC/USB_DEVICE/App/usbd_dfu_if.c.obj
 .ARM.attributes
                0x00000368       0x2d CMakeFiles/FOC_Bootloader.dir/D_/Prj/Clion_prj/FOC/USB_DEVICE/Target/usbd_conf.c.obj
 .ARM.attributes
                0x00000395       0x2d CMakeFiles/FOC_Bootloader.dir/D_/Prj/Clion_prj/FOC/Middlewares/ST/STM32_USB_Device_Library/Core/Src/usbd_core.c.obj
 .ARM.attributes
                0x000003c2       0x2d CMakeFiles/FOC_Bootloader.dir/D_/Prj/Clion_prj/FOC/Middlewares/ST/STM32_USB_Device_Library/Core/Src/usbd_ctlreq.c.obj
 .ARM.attributes
                0x000003ef       0x2d CMakeFiles/FOC_Bootloader.dir/D_/Prj/Clion_prj/FOC/Middlewares/ST/STM32_USB_Device_Library/Core/Src/usbd_ioreq.c.obj
 .ARM.attributes
                0x0000041c       0x2d CMakeFiles/FOC_Bootloader.dir/D_/Prj/Clion_prj/FOC/Middlewares/ST/STM32_USB_Device_Library/Class/DFU/Src/usbd_dfu.c.obj
 .ARM.attributes
                0x00000449       0x2d D:/Toolchains/arm-gnu-toolchain-15.2.rel1-mingw-w64-i686-arm-none-eabi/bin/../lib/gcc/arm-none-eabi/15.2.1/../../../../arm-none-eabi/lib/thumb/v7-m/nofp\libg_nano.a(libc_a-memset.o)
 .ARM.attributes
                0x00000476       0x2d D:/Toolchains/arm-gnu-toolchain-15.2.rel1-mingw-w64-i686-arm-none-eabi/bin/../lib/gcc/arm-none-eabi/15.2.1/../../../../arm-none-eabi/lib/thumb/v7-m/nofp\libg_nano.a(libc_a-init.o)
 .ARM.attributes
                0x000004a3       0x17 D:/Toolchains/arm-gnu-toolchain-15.2.rel1-mingw-w64-i686-arm-none-eabi/bin/../lib/gcc/arm-none-eabi/15.2.1/../../../../arm-none-eabi/lib/thumb/v7-m/nofp\libg_nano.a(libc_a-strlen.o)
 .ARM.attributes
                0x000004ba       0x2d D:/Toolchains/arm-gnu-toolchain-15.2.rel1-mingw-w64-i686-arm-none-eabi/bin/../lib/gcc/arm-none-eabi/15.2.1/thumb/v7-m/nofp/crtend.o
 .ARM.attributes
                0x000004e7       0x1d D:/Toolchains/arm-gnu-toolchain-15.2.rel1-mingw-w64-i686-arm-none-eabi/bin/../lib/gcc/arm-none-eabi/15.2.1/thumb/v7-m/nofp/crtn.o

.comment        0x00000000       0x45
 .comment       0x00000000       0x45 CMakeFiles/FOC_Bootloader.dir/Core/Src/main.c.obj
                                 0x46 (size before relaxing)
 .comment       0x00000045        0x0 CMakeFiles/FOC_Bootloader.dir/Core/Src/bootloader.c.obj
                                 0x46 (size before relaxing)
 .comment       0x00000045        0x0 CMakeFiles/FOC_Bootloader.dir/Core/Src/stm32f1xx_it.c.obj
                                 0x46 (size before relaxing)
 .comment       0x00000045        0x0 CMakeFiles/FOC_Bootloader.dir/D_/Prj/Clion_prj/FOC/Core/Src/system_stm32f1xx.c.obj
                                 0x46 (size before relaxing)
 .comment       0x00000045        0x0 CMakeFiles/FOC_Bootloader.dir/D_/Prj/Clion_prj/FOC/Drivers/STM32F1xx_HAL_Driver/Src/stm32f1xx_hal.c.obj
                                 0x46 (size before relaxing)
 .comment       0x00000045        0x0 CMakeFiles/FOC_Bootloader.dir/D_/Prj/Clion_prj/FOC/Drivers/STM32F1xx_HAL_Driver/Src/stm32f1xx_hal_cortex.c.obj
                                 0x46 (size before relaxing)
 .comment       0x00000045        0x0 CMakeFiles/FOC_Bootloader.dir/D_/Prj/Clion_prj/FOC/Drivers/STM32F1xx_HAL_Driver/Src/stm32f1xx_hal_flash.c.obj
                                 0x46 (size before relaxing)
 .comment       0x00000045        0x0 CMakeFiles/FOC_Bootloader.dir/D_/Prj/Clion_prj/FOC/Drivers/STM32F1xx_HAL_Driver/Src/stm32f1xx_hal_flash_ex.c.obj
                                 0x46 (size before relaxing)
 .comment       0x00000045        0x0 CMakeFiles/FOC_Bootloader.dir/D_/Prj/Clion_prj/FOC/Drivers/STM32F1xx_HAL_Driver/Src/stm32f1xx_hal_gpio.c.obj
                                 0x46 (size before relaxing)
 .comment       0x00000045        0x0 CMakeFiles/FOC_Bootloader.dir/D_/Prj/Clion_prj/FOC/Drivers/STM32F1xx_HAL_Driver/Src/stm32f1xx_hal_pcd.c.obj
                                 0x46 (size before relaxing)
 .comment       0x00000045        0x0 CMakeFiles/FOC_Bootloader.dir/D_/Prj/Clion_prj/FOC/Drivers/STM32F1xx_HAL_Driver/Src/stm32f1xx_hal_pcd_ex.c.obj
                                 0x46 (size before relaxing)
 .comment       0x00000045        0x0 CMakeFiles/FOC_Bootloader.dir/D_/Prj/Clion_prj/FOC/Drivers/STM32F1xx_HAL_Driver/Src/stm32f1xx_hal_rcc.c.obj
                                 0x46 (size before relaxing)
 .comment       0x00000045        0x0 CMakeFiles/FOC_Bootloader.dir/D_/Prj/Clion_prj/FOC/Drivers/STM32F1xx_HAL_Driver/Src/stm32f1xx_hal_rcc_ex.c.obj
                                 0x46 (size before relaxing)
 .comment       0x00000045        0x0 CMakeFiles/FOC_Bootloader.dir/D_/Prj/Clion_prj/FOC/Drivers/STM32F1xx_HAL_Driver/Src/stm32f1xx_ll_usb.c.obj
                                 0x46 (size before relaxing)
 .comment       0x00000045        0x0 CMakeFiles/FOC_Bootloader.dir/D_/Prj/Clion_prj/FOC/USB_DEVICE/App/usb_device.c.obj
                                 0x46 (size before relaxing)
 .comment       0x00000045        0x0 CMakeFiles/FOC_Bootloader.dir/D_/Prj/Clion_prj/FOC/USB_DEVICE/App/usbd_desc.c.obj
                                 0x46 (size before relaxing)
 .comment       0x00000045        0x0 CMakeFiles/FOC_Bootloader.dir/D_/Prj/Clion_prj/FOC/USB_DEVICE/App/usbd_dfu_if.c.obj
                                 0x46 (size before relaxing)
 .comment       0x00000045        0x0 CMakeFiles/FOC_Bootloader.dir/D_/Prj/Clion_prj/FOC/USB_DEVICE/Target/usbd_conf.c.obj
                                 0x46 (size before relaxing)
 .comment       0x00000045        0x0 CMakeFiles/FOC_Bootloader.dir/D_/Prj/Clion_prj/FOC/Middlewares/ST/STM32_USB_Device_Library/Core/Src/usbd_core.c.obj
                                 0x46 (size before relaxing)
 .comment       0x00000045        0x0 CMakeFiles/FOC_Bootloader.dir/D_/Prj/Clion_prj/FOC/Middlewares/ST/STM32_USB_Device_Library/Core/Src/usbd_ctlreq.c.obj
                                 0x46 (size before relaxing)
 .comment       0x00000045        0x0 CMakeFiles/FOC_Bootloader.dir/D_/Prj/Clion_prj/FOC/Middlewares/ST/STM32_USB_Device_Library/Core/Src/usbd_ioreq.c.obj
                                 0x46 (size before relaxing)
 .comment       0x00000045        0x0 CMakeFiles/FOC_Bootloader.dir/D_/Prj/Clion_prj/FOC/Middlewares/ST/STM32_USB_Device_Library/Class/DFU/Src/usbd_dfu.c.obj
                                 0x46 (size before relaxing)

.debug_info     0x00000000    0x108e9
 .debug_info    0x00000000      0x9d3 CMakeFiles/FOC_Bootloader.dir/Core/Src/main.c.obj
 .debug_info    0x000009d3      0x9c5 CMakeFiles/FOC_Bootloader.dir/Core/Src/bootloader.c.obj
 .debug_info    0x00001398      0x646 CMakeFiles/FOC_Bootloader.dir/Core/Src/stm32f1xx_it.c.obj
 .debug_info    0x000019de      0x3f5 CMakeFiles/FOC_Bootloader.dir/D_/Prj/Clion_prj/FOC/Core/Src/system_stm32f1xx.c.obj
 .debug_info    0x00001dd3       0x30 CMakeFiles/FOC_Bootloader.dir/D_/Prj/Clion_prj/FOC/startup_stm32f103xb.s.obj
 .debug_info    0x00001e03      0x7dc CMakeFiles/FOC_Bootloader.dir/D_/Prj/Clion_prj/FOC/Drivers/STM32F1xx_HAL_Driver/Src/stm32f1xx_hal.c.obj
 .debug_info    0x000025df      0xcdc CMakeFiles/FOC_Bootloader.dir/D_/Prj/Clion_prj/FOC/Drivers/STM32F1xx_HAL_Driver/Src/stm32f1xx_hal_cortex.c.obj
 .debug_info    0x000032bb      0x671 CMakeFiles/FOC_Bootloader.dir/D_/Prj/Clion_prj/FOC/Drivers/STM32F1xx_HAL_Driver/Src/stm32f1xx_hal_flash.c.obj
 .debug_info    0x0000392c      0xb86 CMakeFiles/FOC_Bootloader.dir/D_/Prj/Clion_prj/FOC/Drivers/STM32F1xx_HAL_Driver/Src/stm32f1xx_hal_flash_ex.c.obj
 .debug_info    0x000044b2      0x612 CMakeFiles/FOC_Bootloader.dir/D_/Prj/Clion_prj/FOC/Drivers/STM32F1xx_HAL_Driver/Src/stm32f1xx_hal_gpio.c.obj
 .debug_info    0x00004ac4     0x2267 CMakeFiles/FOC_Bootloader.dir/D_/Prj/Clion_prj/FOC/Drivers/STM32F1xx_HAL_Driver/Src/stm32f1xx_hal_pcd.c.obj
 .debug_info    0x00006d2b      0x6c8 CMakeFiles/FOC_Bootloader.dir/D_/Prj/Clion_prj/FOC/Drivers/STM32F1xx_HAL_Driver/Src/stm32f1xx_hal_pcd_ex.c.obj
 .debug_info    0x000073f3      0x9fb CMakeFiles/FOC_Bootloader.dir/D_/Prj/Clion_prj/FOC/Drivers/STM32F1xx_HAL_Driver/Src/stm32f1xx_hal_rcc.c.obj
 .debug_info    0x00007dee      0x420 CMakeFiles/FOC_Bootloader.dir/D_/Prj/Clion_prj/FOC/Drivers/STM32F1xx_HAL_Driver/Src/stm32f1xx_hal_rcc_ex.c.obj
 .debug_info    0x0000820e     0x1950 CMakeFiles/FOC_Bootloader.dir/D_/Prj/Clion_prj/FOC/Drivers/STM32F1xx_HAL_Driver/Src/stm32f1xx_ll_usb.c.obj
 .debug_info    0x00009b5e      0x984 CMakeFiles/FOC_Bootloader.dir/D_/Prj/Clion_prj/FOC/USB_DEVICE/App/usb_device.c.obj
 .debug_info    0x0000a4e2      0x65b CMakeFiles/FOC_Bootloader.dir/D_/Prj/Clion_prj/FOC/USB_DEVICE/App/usbd_desc.c.obj
 .debug_info    0x0000ab3d      0x9b5 CMakeFiles/FOC_Bootloader.dir/D_/Prj/Clion_prj/FOC/USB_DEVICE/App/usbd_dfu_if.c.obj
 .debug_info    0x0000b4f2     0x1d5b CMakeFiles/FOC_Bootloader.dir/D_/Prj/Clion_prj/FOC/USB_DEVICE/Target/usbd_conf.c.obj
 .debug_info    0x0000d24d      0xdec CMakeFiles/FOC_Bootloader.dir/D_/Prj/Clion_prj/FOC/Middlewares/ST/STM32_USB_Device_Library/Core/Src/usbd_core.c.obj
 .debug_info    0x0000e039      0xd97 CMakeFiles/FOC_Bootloader.dir/D_/Prj/Clion_prj/FOC/Middlewares/ST/STM32_USB_Device_Library/Core/Src/usbd_ctlreq.c.obj
 .debug_info    0x0000edd0      0x862 CMakeFiles/FOC_Bootloader.dir/D_/Prj/Clion_prj/FOC/Middlewares/ST/STM32_USB_Device_Library/Core/Src/usbd_ioreq.c.obj
 .debug_info    0x0000f632     0x12b7 CMakeFiles/FOC_Bootloader.dir/D_/Prj/Clion_prj/FOC/Middlewares/ST/STM32_USB_Device_Library/Class/DFU/Src/usbd_dfu.c.obj

.debug_abbrev   0x00000000     0x3cd9
 .debug_abbrev  0x00000000      0x315 CMakeFiles/FOC_Bootloader.dir/Core/Src/main.c.obj
 .debug_abbrev  0x00000315      0x320 CMakeFiles/FOC_Bootloader.dir/Core/Src/bootloader.c.obj
 .debug_abbrev  0x00000635      0x1d7 CMakeFiles/FOC_Bootloader.dir/Core/Src/stm32f1xx_it.c.obj
 .debug_abbrev  0x0000080c      0x143 CMakeFiles/FOC_Bootloader.dir/D_/Prj/Clion_prj/FOC/Core/Src/system_stm32f1xx.c.obj
 .debug_abbrev  0x0000094f       0x24 CMakeFiles/FOC_Bootloader.dir/D_/Prj/Clion_prj/FOC/startup_stm32f103xb.s.obj
 .debug_abbrev  0x00000973      0x272 CMakeFiles/FOC_Bootloader.dir/D_/Prj/Clion_prj/FOC/Drivers/STM32F1xx_HAL_Driver/Src/stm32f1xx_hal.c.obj
 .debug_abbrev  0x00000be5      0x363 CMakeFiles/FOC_Bootloader.dir/D_/Prj/Clion_prj/FOC/Drivers/STM32F1xx_HAL_Driver/Src/stm32f1xx_hal_cortex.c.obj
 .debug_abbrev  0x00000f48      0x312 CMakeFiles/FOC_Bootloader.dir/D_/Prj/Clion_prj/FOC/Drivers/STM32F1xx_HAL_Driver/Src/stm32f1xx_hal_flash.c.obj
 .debug_abbrev  0x0000125a      0x2fd CMakeFiles/FOC_Bootloader.dir/D_/Prj/Clion_prj/FOC/Drivers/STM32F1xx_HAL_Driver/Src/stm32f1xx_hal_flash_ex.c.obj
 .debug_abbrev  0x00001557      0x200 CMakeFiles/FOC_Bootloader.dir/D_/Prj/Clion_prj/FOC/Drivers/STM32F1xx_HAL_Driver/Src/stm32f1xx_hal_gpio.c.obj
 .debug_abbrev  0x00001757      0x412 CMakeFiles/FOC_Bootloader.dir/D_/Prj/Clion_prj/FOC/Drivers/STM32F1xx_HAL_Driver/Src/stm32f1xx_hal_pcd.c.obj
 .debug_abbrev  0x00001b69      0x1d3 CMakeFiles/FOC_Bootloader.dir/D_/Prj/Clion_prj/FOC/Drivers/STM32F1xx_HAL_Driver/Src/stm32f1xx_hal_pcd_ex.c.obj
 .debug_abbrev  0x00001d3c      0x2ff CMakeFiles/FOC_Bootloader.dir/D_/Prj/Clion_prj/FOC/Drivers/STM32F1xx_HAL_Driver/Src/stm32f1xx_hal_rcc.c.obj
 .debug_abbrev  0x0000203b      0x1d8 CMakeFiles/FOC_Bootloader.dir/D_/Prj/Clion_prj/FOC/Drivers/STM32F1xx_HAL_Driver/Src/stm32f1xx_hal_rcc_ex.c.obj
 .debug_abbrev  0x00002213      0x29c CMakeFiles/FOC_Bootloader.dir/D_/Prj/Clion_prj/FOC/Drivers/STM32F1xx_HAL_Driver/Src/stm32f1xx_ll_usb.c.obj
 .debug_abbrev  0x000024af      0x234 CMakeFiles/FOC_Bootloader.dir/D_/Prj/Clion_prj/FOC/USB_DEVICE/App/usb_device.c.obj
 .debug_abbrev  0x000026e3      0x2c0 CMakeFiles/FOC_Bootloader.dir/D_/Prj/Clion_prj/FOC/USB_DEVICE/App/usbd_desc.c.obj
 .debug_abbrev  0x000029a3      0x2eb CMakeFiles/FOC_Bootloader.dir/D_/Prj/Clion_prj/FOC/USB_DEVICE/App/usbd_dfu_if.c.obj
 .debug_abbrev  0x00002c8e      0x395 CMakeFiles/FOC_Bootloader.dir/D_/Prj/Clion_prj/FOC/USB_DEVICE/Target/usbd_conf.c.obj
 .debug_abbrev  0x00003023      0x2eb CMakeFiles/FOC_Bootloader.dir/D_/Prj/Clion_prj/FOC/Middlewares/ST/STM32_USB_Device_Library/Core/Src/usbd_core.c.obj
 .debug_abbrev  0x0000330e      0x3aa CMakeFiles/FOC_Bootloader.dir/D_/Prj/Clion_prj/FOC/Middlewares/ST/STM32_USB_Device_Library/Core/Src/usbd_ctlreq.c.obj
 .debug_abbrev  0x000036b8      0x1b6 CMakeFiles/FOC_Bootloader.dir/D_/Prj/Clion_prj/FOC/Middlewares/ST/STM32_USB_Device_Library/Core/Src/usbd_ioreq.c.obj
 .debug_abbrev  0x0000386e      0x46b CMakeFiles/FOC_Bootloader.dir/D_/Prj/Clion_prj/FOC/Middlewares/ST/STM32_USB_Device_Library/Class/DFU/Src/usbd_dfu.c.obj

.debug_loclists
                0x00000000     0x637d
 .debug_loclists
                0x00000000       0x3c CMakeFiles/FOC_Bootloader.dir/Core/Src/main.c.obj
 .debug_loclists
                0x0000003c      0x3b7 CMakeFiles/FOC_Bootloader.dir/Core/Src/bootloader.c.obj
 .debug_loclists
                0x000003f3       0x9f CMakeFiles/FOC_Bootloader.dir/D_/Prj/Clion_prj/FOC/Core/Src/system_stm32f1xx.c.obj
 .debug_loclists
                0x00000492       0xd5 CMakeFiles/FOC_Bootloader.dir/D_/Prj/Clion_prj/FOC/Drivers/STM32F1xx_HAL_Driver/Src/stm32f1xx_hal.c.obj
 .debug_loclists
                0x00000567      0x409 CMakeFiles/FOC_Bootloader.dir/D_/Prj/Clion_prj/FOC/Drivers/STM32F1xx_HAL_Driver/Src/stm32f1xx_hal_cortex.c.obj
 .debug_loclists
                0x00000970      0x258 CMakeFiles/FOC_Bootloader.dir/D_/Prj/Clion_prj/FOC/Drivers/STM32F1xx_HAL_Driver/Src/stm32f1xx_hal_flash.c.obj
 .debug_loclists
                0x00000bc8      0x55c CMakeFiles/FOC_Bootloader.dir/D_/Prj/Clion_prj/FOC/Drivers/STM32F1xx_HAL_Driver/Src/stm32f1xx_hal_flash_ex.c.obj
 .debug_loclists
                0x00001124      0x2a9 CMakeFiles/FOC_Bootloader.dir/D_/Prj/Clion_prj/FOC/Drivers/STM32F1xx_HAL_Driver/Src/stm32f1xx_hal_gpio.c.obj
 .debug_loclists
                0x000013cd     0x1280 CMakeFiles/FOC_Bootloader.dir/D_/Prj/Clion_prj/FOC/Drivers/STM32F1xx_HAL_Driver/Src/stm32f1xx_hal_pcd.c.obj
 .debug_loclists
                0x0000264d      0x2b0 CMakeFiles/FOC_Bootloader.dir/D_/Prj/Clion_prj/FOC/Drivers/STM32F1xx_HAL_Driver/Src/stm32f1xx_hal_pcd_ex.c.obj
 .debug_loclists
                0x000028fd      0x414 CMakeFiles/FOC_Bootloader.dir/D_/Prj/Clion_prj/FOC/Drivers/STM32F1xx_HAL_Driver/Src/stm32f1xx_hal_rcc.c.obj
 .debug_loclists
                0x00002d11      0x243 CMakeFiles/FOC_Bootloader.dir/D_/Prj/Clion_prj/FOC/Drivers/STM32F1xx_HAL_Driver/Src/stm32f1xx_hal_rcc_ex.c.obj
 .debug_loclists
                0x00002f54     0x11da CMakeFiles/FOC_Bootloader.dir/D_/Prj/Clion_prj/FOC/Drivers/STM32F1xx_HAL_Driver/Src/stm32f1xx_ll_usb.c.obj
 .debug_loclists
                0x0000412e      0x284 CMakeFiles/FOC_Bootloader.dir/D_/Prj/Clion_prj/FOC/USB_DEVICE/App/usbd_desc.c.obj
 .debug_loclists
                0x000043b2      0x1d2 CMakeFiles/FOC_Bootloader.dir/D_/Prj/Clion_prj/FOC/USB_DEVICE/App/usbd_dfu_if.c.obj
 .debug_loclists
                0x00004584      0x706 CMakeFiles/FOC_Bootloader.dir/D_/Prj/Clion_prj/FOC/USB_DEVICE/Target/usbd_conf.c.obj
 .debug_loclists
                0x00004c8a      0x573 CMakeFiles/FOC_Bootloader.dir/D_/Prj/Clion_prj/FOC/Middlewares/ST/STM32_USB_Device_Library/Core/Src/usbd_core.c.obj
 .debug_loclists
                0x000051fd      0x749 CMakeFiles/FOC_Bootloader.dir/D_/Prj/Clion_prj/FOC/Middlewares/ST/STM32_USB_Device_Library/Core/Src/usbd_ctlreq.c.obj
 .debug_loclists
                0x00005946      0x214 CMakeFiles/FOC_Bootloader.dir/D_/Prj/Clion_prj/FOC/Middlewares/ST/STM32_USB_Device_Library/Core/Src/usbd_ioreq.c.obj
 .debug_loclists
                0x00005b5a      0x823 CMakeFiles/FOC_Bootloader.dir/D_/Prj/Clion_prj/FOC/Middlewares/ST/STM32_USB_Device_Library/Class/DFU/Src/usbd_dfu.c.obj

.debug_aranges  0x00000000      0xa98
 .debug_aranges
                0x00000000       0x30 CMakeFiles/FOC_Bootloader.dir/Core/Src/main.c.obj
 .debug_aranges
                0x00000030       0x40 CMakeFiles/FOC_Bootloader.dir/Core/Src/bootloader.c.obj
 .debug_aranges
                0x00000070       0x70 CMakeFiles/FOC_Bootloader.dir/Core/Src/stm32f1xx_it.c.obj
 .debug_aranges
                0x000000e0       0x28 CMakeFiles/FOC_Bootloader.dir/D_/Prj/Clion_prj/FOC/Core/Src/system_stm32f1xx.c.obj
 .debug_aranges
                0x00000108       0x28 CMakeFiles/FOC_Bootloader.dir/D_/Prj/Clion_prj/FOC/startup_stm32f103xb.s.obj
 .debug_aranges
                0x00000130       0xe0 CMakeFiles/FOC_Bootloader.dir/D_/Prj/Clion_prj/FOC/Drivers/STM32F1xx_HAL_Driver/Src/stm32f1xx_hal.c.obj
 .debug_aranges
                0x00000210       0x90 CMakeFiles/FOC_Bootloader.dir/D_/Prj/Clion_prj/FOC/Drivers/STM32F1xx_HAL_Driver/Src/stm32f1xx_hal_cortex.c.obj
 .debug_aranges
                0x000002a0       0x80 CMakeFiles/FOC_Bootloader.dir/D_/Prj/Clion_prj/FOC/Drivers/STM32F1xx_HAL_Driver/Src/stm32f1xx_hal_flash.c.obj
 .debug_aranges
                0x00000320       0x58 CMakeFiles/FOC_Bootloader.dir/D_/Prj/Clion_prj/FOC/Drivers/STM32F1xx_HAL_Driver/Src/stm32f1xx_hal_flash_ex.c.obj
 .debug_aranges
                0x00000378       0x58 CMakeFiles/FOC_Bootloader.dir/D_/Prj/Clion_prj/FOC/Drivers/STM32F1xx_HAL_Driver/Src/stm32f1xx_hal_gpio.c.obj
 .debug_aranges
                0x000003d0      0x128 CMakeFiles/FOC_Bootloader.dir/D_/Prj/Clion_prj/FOC/Drivers/STM32F1xx_HAL_Driver/Src/stm32f1xx_hal_pcd.c.obj
 .debug_aranges
                0x000004f8       0x38 CMakeFiles/FOC_Bootloader.dir/D_/Prj/Clion_prj/FOC/Drivers/STM32F1xx_HAL_Driver/Src/stm32f1xx_hal_pcd_ex.c.obj
 .debug_aranges
                0x00000530       0x88 CMakeFiles/FOC_Bootloader.dir/D_/Prj/Clion_prj/FOC/Drivers/STM32F1xx_HAL_Driver/Src/stm32f1xx_hal_rcc.c.obj
 .debug_aranges
                0x000005b8       0x30 CMakeFiles/FOC_Bootloader.dir/D_/Prj/Clion_prj/FOC/Drivers/STM32F1xx_HAL_Driver/Src/stm32f1xx_hal_rcc_ex.c.obj
 .debug_aranges
                0x000005e8       0xf8 CMakeFiles/FOC_Bootloader.dir/D_/Prj/Clion_prj/FOC/Drivers/STM32F1xx_HAL_Driver/Src/stm32f1xx_ll_usb.c.obj
 .debug_aranges
                0x000006e0       0x20 CMakeFiles/FOC_Bootloader.dir/D_/Prj/Clion_prj/FOC/USB_DEVICE/App/usb_device.c.obj
 .debug_aranges
                0x00000700       0x58 CMakeFiles/FOC_Bootloader.dir/D_/Prj/Clion_prj/FOC/USB_DEVICE/App/usbd_desc.c.obj
 .debug_aranges
                0x00000758       0x48 CMakeFiles/FOC_Bootloader.dir/D_/Prj/Clion_prj/FOC/USB_DEVICE/App/usbd_dfu_if.c.obj
 .debug_aranges
                0x000007a0      0x118 CMakeFiles/FOC_Bootloader.dir/D_/Prj/Clion_prj/FOC/USB_DEVICE/Target/usbd_conf.c.obj
 .debug_aranges
                0x000008b8       0xb8 CMakeFiles/FOC_Bootloader.dir/D_/Prj/Clion_prj/FOC/Middlewares/ST/STM32_USB_Device_Library/Core/Src/usbd_core.c.obj
 .debug_aranges
                0x00000970       0x50 CMakeFiles/FOC_Bootloader.dir/D_/Prj/Clion_prj/FOC/Middlewares/ST/STM32_USB_Device_Library/Core/Src/usbd_ctlreq.c.obj
 .debug_aranges
                0x000009c0       0x50 CMakeFiles/FOC_Bootloader.dir/D_/Prj/Clion_prj/FOC/Middlewares/ST/STM32_USB_Device_Library/Core/Src/usbd_ioreq.c.obj
 .debug_aranges
                0x00000a10       0x88 CMakeFiles/FOC_Bootloader.dir/D_/Prj/Clion_prj/FOC/Middlewares/ST/STM32_USB_Device_Library/Class/DFU/Src/usbd_dfu.c.obj

.debug_rnglists
                0x00000000      0xcc8
 .debug_rnglists
                0x00000000       0x2b CMakeFiles/FOC_Bootloader.dir/Core/Src/main.c.obj
 .debug_rnglists
                0x0000002b       0x5f CMakeFiles/FOC_Bootloader.dir/Core/Src/bootloader.c.obj
 .debug_rnglists
                0x0000008a       0x4f CMakeFiles/FOC_Bootloader.dir/Core/Src/stm32f1xx_it.c.obj
 .debug_rnglists
                0x000000d9       0x19 CMakeFiles/FOC_Bootloader.dir/D_/Prj/Clion_prj/FOC/Core/Src/system_stm32f1xx.c.obj
 .debug_rnglists
                0x000000f2       0x19 CMakeFiles/FOC_Bootloader.dir/D_/Prj/Clion_prj/FOC/startup_stm32f103xb.s.obj
 .debug_rnglists
                0x0000010b       0xa3 CMakeFiles/FOC_Bootloader.dir/D_/Prj/Clion_prj/FOC/Drivers/STM32F1xx_HAL_Driver/Src/stm32f1xx_hal.c.obj
 .debug_rnglists
                0x000001ae       0xd9 CMakeFiles/FOC_Bootloader.dir/D_/Prj/Clion_prj/FOC/Drivers/STM32F1xx_HAL_Driver/Src/stm32f1xx_hal_cortex.c.obj
 .debug_rnglists
                0x00000287       0x6f CMakeFiles/FOC_Bootloader.dir/D_/Prj/Clion_prj/FOC/Drivers/STM32F1xx_HAL_Driver/Src/stm32f1xx_hal_flash.c.obj
 .debug_rnglists
                0x000002f6       0xa6 CMakeFiles/FOC_Bootloader.dir/D_/Prj/Clion_prj/FOC/Drivers/STM32F1xx_HAL_Driver/Src/stm32f1xx_hal_flash_ex.c.obj
 .debug_rnglists
                0x0000039c       0x51 CMakeFiles/FOC_Bootloader.dir/D_/Prj/Clion_prj/FOC/Drivers/STM32F1xx_HAL_Driver/Src/stm32f1xx_hal_gpio.c.obj
 .debug_rnglists
                0x000003ed      0x1e2 CMakeFiles/FOC_Bootloader.dir/D_/Prj/Clion_prj/FOC/Drivers/STM32F1xx_HAL_Driver/Src/stm32f1xx_hal_pcd.c.obj
 .debug_rnglists
                0x000005cf       0x25 CMakeFiles/FOC_Bootloader.dir/D_/Prj/Clion_prj/FOC/Drivers/STM32F1xx_HAL_Driver/Src/stm32f1xx_hal_pcd_ex.c.obj
 .debug_rnglists
                0x000005f4       0x85 CMakeFiles/FOC_Bootloader.dir/D_/Prj/Clion_prj/FOC/Drivers/STM32F1xx_HAL_Driver/Src/stm32f1xx_hal_rcc.c.obj
 .debug_rnglists
                0x00000679       0x3f CMakeFiles/FOC_Bootloader.dir/D_/Prj/Clion_prj/FOC/Drivers/STM32F1xx_HAL_Driver/Src/stm32f1xx_hal_rcc_ex.c.obj
 .debug_rnglists
                0x000006b8      0x2ce CMakeFiles/FOC_Bootloader.dir/D_/Prj/Clion_prj/FOC/Drivers/STM32F1xx_HAL_Driver/Src/stm32f1xx_ll_usb.c.obj
 .debug_rnglists
                0x00000986       0x26 CMakeFiles/FOC_Bootloader.dir/D_/Prj/Clion_prj/FOC/USB_DEVICE/App/usb_device.c.obj
 .debug_rnglists
                0x000009ac       0x3d CMakeFiles/FOC_Bootloader.dir/D_/Prj/Clion_prj/FOC/USB_DEVICE/App/usbd_desc.c.obj
 .debug_rnglists
                0x000009e9       0x31 CMakeFiles/FOC_Bootloader.dir/D_/Prj/Clion_prj/FOC/USB_DEVICE/App/usbd_dfu_if.c.obj
 .debug_rnglists
                0x00000a1a       0xf7 CMakeFiles/FOC_Bootloader.dir/D_/Prj/Clion_prj/FOC/USB_DEVICE/Target/usbd_conf.c.obj
 .debug_rnglists
                0x00000b11       0x86 CMakeFiles/FOC_Bootloader.dir/D_/Prj/Clion_prj/FOC/Middlewares/ST/STM32_USB_Device_Library/Core/Src/usbd_core.c.obj
 .debug_rnglists
                0x00000b97       0x7b CMakeFiles/FOC_Bootloader.dir/D_/Prj/Clion_prj/FOC/Middlewares/ST/STM32_USB_Device_Library/Core/Src/usbd_ctlreq.c.obj
 .debug_rnglists
                0x00000c12       0x37 CMakeFiles/FOC_Bootloader.dir/D_/Prj/Clion_prj/FOC/Middlewares/ST/STM32_USB_Device_Library/Core/Src/usbd_ioreq.c.obj
 .debug_rnglists
                0x00000c49       0x7f CMakeFiles/FOC_Bootloader.dir/D_/Prj/Clion_prj/FOC/Middlewares/ST/STM32_USB_Device_Library/Class/DFU/Src/usbd_dfu.c.obj

.debug_macro    0x00000000    0x1b607
 .debug_macro   0x00000000      0x398 CMakeFiles/FOC_Bootloader.dir/Core/Src/main.c.obj
 .debug_macro   0x00000398      0xaea CMakeFiles/FOC_Bootloader.dir/Core/Src/main.c.obj
 .debug_macro   0x00000e82      0x233 CMakeFiles/FOC_Bootloader.dir/Core/Src/main.c.obj
 .debug_macro   0x000010b5       0x2e CMakeFiles/FOC_Bootloader.dir/Core/Src/main.c.obj
 .debug_macro   0x000010e3       0x22 CMakeFiles/FOC_Bootloader.dir/Core/Src/main.c.obj
 .debug_macro   0x00001105       0x22 CMakeFiles/FOC_Bootloader.dir/Core/Src/main.c.obj
 .debug_macro   0x00001127       0x8e CMakeFiles/FOC_Bootloader.dir/Core/Src/main.c.obj
 .debug_macro   0x000011b5       0x51 CMakeFiles/FOC_Bootloader.dir/Core/Src/main.c.obj
 .debug_macro   0x00001206      0x103 CMakeFiles/FOC_Bootloader.dir/Core/Src/main.c.obj
 .debug_macro   0x00001309       0x6a CMakeFiles/FOC_Bootloader.dir/Core/Src/main.c.obj
 .debug_macro   0x00001373      0x1df CMakeFiles/FOC_Bootloader.dir/Core/Src/main.c.obj
 .debug_macro   0x00001552       0x1c CMakeFiles/FOC_Bootloader.dir/Core/Src/main.c.obj
 .debug_macro   0x0000156e       0x22 CMakeFiles/FOC_Bootloader.dir/Core/Src/main.c.obj
 .debug_macro   0x00001590       0xbd CMakeFiles/FOC_Bootloader.dir/Core/Src/main.c.obj
 .debug_macro   0x0000164d      0xd23 CMakeFiles/FOC_Bootloader.dir/Core/Src/main.c.obj
 .debug_macro   0x00002370     0xe09e CMakeFiles/FOC_Bootloader.dir/Core/Src/main.c.obj
 .debug_macro   0x0001040e       0x6d CMakeFiles/FOC_Bootloader.dir/Core/Src/main.c.obj
 .debug_macro   0x0001047b     0x34a2 CMakeFiles/FOC_Bootloader.dir/Core/Src/main.c.obj
 .debug_macro   0x0001391d      0x190 CMakeFiles/FOC_Bootloader.dir/Core/Src/main.c.obj
 .debug_macro   0x00013aad       0x5c CMakeFiles/FOC_Bootloader.dir/Core/Src/main.c.obj
 .debug_macro   0x00013b09      0x5bc CMakeFiles/FOC_Bootloader.dir/Core/Src/main.c.obj
 .debug_macro   0x000140c5      0x289 CMakeFiles/FOC_Bootloader.dir/Core/Src/main.c.obj
 .debug_macro   0x0001434e      0x1cb CMakeFiles/FOC_Bootloader.dir/Core/Src/main.c.obj
 .debug_macro   0x00014519      0x114 CMakeFiles/FOC_Bootloader.dir/Core/Src/main.c.obj
 .debug_macro   0x0001462d      0x1b2 CMakeFiles/FOC_Bootloader.dir/Core/Src/main.c.obj
 .debug_macro   0x000147df       0x27 CMakeFiles/FOC_Bootloader.dir/Core/Src/main.c.obj
 .debug_macro   0x00014806      0x136 CMakeFiles/FOC_Bootloader.dir/Core/Src/main.c.obj
 .debug_macro   0x0001493c      0x1bc CMakeFiles/FOC_Bootloader.dir/Core/Src/main.c.obj
 .debug_macro   0x00014af8       0x34 CMakeFiles/FOC_Bootloader.dir/Core/Src/main.c.obj
 .debug_macro   0x00014b2c       0x3c CMakeFiles/FOC_Bootloader.dir/Core/Src/main.c.obj
 .debug_macro   0x00014b68      0x408 CMakeFiles/FOC_Bootloader.dir/Core/Src/main.c.obj
 .debug_macro   0x00014f70       0x57 CMakeFiles/FOC_Bootloader.dir/Core/Src/main.c.obj
 .debug_macro   0x00014fc7      0x46a CMakeFiles/FOC_Bootloader.dir/Core/Src/main.c.obj
 .debug_macro   0x00015431      0x1b5 CMakeFiles/FOC_Bootloader.dir/Core/Src/main.c.obj
 .debug_macro   0x000155e6       0x87 CMakeFiles/FOC_Bootloader.dir/Core/Src/main.c.obj
 .debug_macro   0x0001566d      0x240 CMakeFiles/FOC_Bootloader.dir/Core/Src/main.c.obj
 .debug_macro   0x000158ad      0x287 CMakeFiles/FOC_Bootloader.dir/Core/Src/main.c.obj
 .debug_macro   0x00015b34      0x140 CMakeFiles/FOC_Bootloader.dir/Core/Src/main.c.obj
 .debug_macro   0x00015c74      0x217 CMakeFiles/FOC_Bootloader.dir/Core/Src/main.c.obj
 .debug_macro   0x00015e8b      0x8ed CMakeFiles/FOC_Bootloader.dir/Core/Src/main.c.obj
 .debug_macro   0x00016778      0x28e CMakeFiles/FOC_Bootloader.dir/Core/Src/main.c.obj
 .debug_macro   0x00016a06       0xb7 CMakeFiles/FOC_Bootloader.dir/Core/Src/main.c.obj
 .debug_macro   0x00016abd      0x242 CMakeFiles/FOC_Bootloader.dir/Core/Src/main.c.obj
 .debug_macro   0x00016cff       0x83 CMakeFiles/FOC_Bootloader.dir/Core/Src/main.c.obj
 .debug_macro   0x00016d82       0x22 CMakeFiles/FOC_Bootloader.dir/Core/Src/main.c.obj
 .debug_macro   0x00016da4       0x28 CMakeFiles/FOC_Bootloader.dir/Core/Src/main.c.obj
 .debug_macro   0x00016dcc       0x7b CMakeFiles/FOC_Bootloader.dir/Core/Src/main.c.obj
 .debug_macro   0x00016e47       0x24 CMakeFiles/FOC_Bootloader.dir/Core/Src/main.c.obj
 .debug_macro   0x00016e6b       0x3c CMakeFiles/FOC_Bootloader.dir/Core/Src/main.c.obj
 .debug_macro   0x00016ea7       0x34 CMakeFiles/FOC_Bootloader.dir/Core/Src/main.c.obj
 .debug_macro   0x00016edb       0x16 CMakeFiles/FOC_Bootloader.dir/Core/Src/main.c.obj
 .debug_macro   0x00016ef1       0x3c CMakeFiles/FOC_Bootloader.dir/Core/Src/main.c.obj
 .debug_macro   0x00016f2d      0x364 CMakeFiles/FOC_Bootloader.dir/Core/Src/main.c.obj
 .debug_macro   0x00017291       0x10 CMakeFiles/FOC_Bootloader.dir/Core/Src/main.c.obj
 .debug_macro   0x000172a1       0x16 CMakeFiles/FOC_Bootloader.dir/Core/Src/main.c.obj
 .debug_macro   0x000172b7       0x4a CMakeFiles/FOC_Bootloader.dir/Core/Src/main.c.obj
 .debug_macro   0x00017301       0x34 CMakeFiles/FOC_Bootloader.dir/Core/Src/main.c.obj
 .debug_macro   0x00017335       0x10 CMakeFiles/FOC_Bootloader.dir/Core/Src/main.c.obj
 .debug_macro   0x00017345       0x58 CMakeFiles/FOC_Bootloader.dir/Core/Src/main.c.obj
 .debug_macro   0x0001739d      0x1e5 CMakeFiles/FOC_Bootloader.dir/Core/Src/main.c.obj
 .debug_macro   0x00017582       0x16 CMakeFiles/FOC_Bootloader.dir/Core/Src/main.c.obj
 .debug_macro   0x00017598       0x16 CMakeFiles/FOC_Bootloader.dir/Core/Src/main.c.obj
 .debug_macro   0x000175ae      0x170 CMakeFiles/FOC_Bootloader.dir/Core/Src/main.c.obj
 .debug_macro   0x0001771e       0x16 CMakeFiles/FOC_Bootloader.dir/Core/Src/main.c.obj
 .debug_macro   0x00017734       0x16 CMakeFiles/FOC_Bootloader.dir/Core/Src/main.c.obj
 .debug_macro   0x0001774a       0x29 CMakeFiles/FOC_Bootloader.dir/Core/Src/main.c.obj
 .debug_macro   0x00017773       0x16 CMakeFiles/FOC_Bootloader.dir/Core/Src/main.c.obj
 .debug_macro   0x00017789       0x72 CMakeFiles/FOC_Bootloader.dir/Core/Src/main.c.obj
 .debug_macro   0x000177fb      0x1c2 CMakeFiles/FOC_Bootloader.dir/Core/Src/main.c.obj
 .debug_macro   0x000179bd      0x2d0 CMakeFiles/FOC_Bootloader.dir/Core/Src/bootloader.c.obj
 .debug_macro   0x00017c8d       0x10 CMakeFiles/FOC_Bootloader.dir/Core/Src/bootloader.c.obj
 .debug_macro   0x00017c9d      0x33f CMakeFiles/FOC_Bootloader.dir/Core/Src/stm32f1xx_it.c.obj
 .debug_macro   0x00017fdc       0xc8 CMakeFiles/FOC_Bootloader.dir/D_/Prj/Clion_prj/FOC/Core/Src/system_stm32f1xx.c.obj
 .debug_macro   0x000180a4      0x218 CMakeFiles/FOC_Bootloader.dir/D_/Prj/Clion_prj/FOC/Drivers/STM32F1xx_HAL_Driver/Src/stm32f1xx_hal.c.obj
 .debug_macro   0x000182bc      0x1f4 CMakeFiles/FOC_Bootloader.dir/D_/Prj/Clion_prj/FOC/Drivers/STM32F1xx_HAL_Driver/Src/stm32f1xx_hal_cortex.c.obj
 .debug_macro   0x000184b0      0x1f4 CMakeFiles/FOC_Bootloader.dir/D_/Prj/Clion_prj/FOC/Drivers/STM32F1xx_HAL_Driver/Src/stm32f1xx_hal_flash.c.obj
 .debug_macro   0x000186a4      0x206 CMakeFiles/FOC_Bootloader.dir/D_/Prj/Clion_prj/FOC/Drivers/STM32F1xx_HAL_Driver/Src/stm32f1xx_hal_flash_ex.c.obj
 .debug_macro   0x000188aa      0x25f CMakeFiles/FOC_Bootloader.dir/D_/Prj/Clion_prj/FOC/Drivers/STM32F1xx_HAL_Driver/Src/stm32f1xx_hal_gpio.c.obj
 .debug_macro   0x00018b09      0x200 CMakeFiles/FOC_Bootloader.dir/D_/Prj/Clion_prj/FOC/Drivers/STM32F1xx_HAL_Driver/Src/stm32f1xx_hal_pcd.c.obj
 .debug_macro   0x00018d09      0x1f4 CMakeFiles/FOC_Bootloader.dir/D_/Prj/Clion_prj/FOC/Drivers/STM32F1xx_HAL_Driver/Src/stm32f1xx_hal_pcd_ex.c.obj
 .debug_macro   0x00018efd      0x206 CMakeFiles/FOC_Bootloader.dir/D_/Prj/Clion_prj/FOC/Drivers/STM32F1xx_HAL_Driver/Src/stm32f1xx_hal_rcc.c.obj
 .debug_macro   0x00019103      0x1f4 CMakeFiles/FOC_Bootloader.dir/D_/Prj/Clion_prj/FOC/Drivers/STM32F1xx_HAL_Driver/Src/stm32f1xx_hal_rcc_ex.c.obj
 .debug_macro   0x000192f7      0x1f4 CMakeFiles/FOC_Bootloader.dir/D_/Prj/Clion_prj/FOC/Drivers/STM32F1xx_HAL_Driver/Src/stm32f1xx_ll_usb.c.obj
 .debug_macro   0x000194eb      0x3a0 CMakeFiles/FOC_Bootloader.dir/D_/Prj/Clion_prj/FOC/USB_DEVICE/App/usb_device.c.obj
 .debug_macro   0x0001988b       0x22 CMakeFiles/FOC_Bootloader.dir/D_/Prj/Clion_prj/FOC/USB_DEVICE/App/usb_device.c.obj
 .debug_macro   0x000198ad      0x10a CMakeFiles/FOC_Bootloader.dir/D_/Prj/Clion_prj/FOC/USB_DEVICE/App/usb_device.c.obj
 .debug_macro   0x000199b7      0x39d CMakeFiles/FOC_Bootloader.dir/D_/Prj/Clion_prj/FOC/USB_DEVICE/App/usbd_desc.c.obj
 .debug_macro   0x00019d54       0x9e CMakeFiles/FOC_Bootloader.dir/D_/Prj/Clion_prj/FOC/USB_DEVICE/App/usbd_desc.c.obj
 .debug_macro   0x00019df2      0x112 CMakeFiles/FOC_Bootloader.dir/D_/Prj/Clion_prj/FOC/USB_DEVICE/App/usbd_desc.c.obj
 .debug_macro   0x00019f04       0x56 CMakeFiles/FOC_Bootloader.dir/D_/Prj/Clion_prj/FOC/USB_DEVICE/App/usbd_desc.c.obj
 .debug_macro   0x00019f5a      0x1c8 CMakeFiles/FOC_Bootloader.dir/D_/Prj/Clion_prj/FOC/USB_DEVICE/App/usbd_desc.c.obj
 .debug_macro   0x0001a122       0x1c CMakeFiles/FOC_Bootloader.dir/D_/Prj/Clion_prj/FOC/USB_DEVICE/App/usbd_desc.c.obj
 .debug_macro   0x0001a13e      0x39d CMakeFiles/FOC_Bootloader.dir/D_/Prj/Clion_prj/FOC/USB_DEVICE/App/usbd_dfu_if.c.obj
 .debug_macro   0x0001a4db      0x383 CMakeFiles/FOC_Bootloader.dir/D_/Prj/Clion_prj/FOC/USB_DEVICE/Target/usbd_conf.c.obj
 .debug_macro   0x0001a85e      0x360 CMakeFiles/FOC_Bootloader.dir/D_/Prj/Clion_prj/FOC/Middlewares/ST/STM32_USB_Device_Library/Core/Src/usbd_core.c.obj
 .debug_macro   0x0001abbe      0x36a CMakeFiles/FOC_Bootloader.dir/D_/Prj/Clion_prj/FOC/Middlewares/ST/STM32_USB_Device_Library/Core/Src/usbd_ctlreq.c.obj
 .debug_macro   0x0001af28      0x366 CMakeFiles/FOC_Bootloader.dir/D_/Prj/Clion_prj/FOC/Middlewares/ST/STM32_USB_Device_Library/Core/Src/usbd_ioreq.c.obj
 .debug_macro   0x0001b28e      0x379 CMakeFiles/FOC_Bootloader.dir/D_/Prj/Clion_prj/FOC/Middlewares/ST/STM32_USB_Device_Library/Class/DFU/Src/usbd_dfu.c.obj

.debug_line     0x00000000    0x10e1d
 .debug_line    0x00000000      0xa72 CMakeFiles/FOC_Bootloader.dir/Core/Src/main.c.obj
 .debug_line    0x00000a72      0x9de CMakeFiles/FOC_Bootloader.dir/Core/Src/bootloader.c.obj
 .debug_line    0x00001450      0x883 CMakeFiles/FOC_Bootloader.dir/Core/Src/stm32f1xx_it.c.obj
 .debug_line    0x00001cd3      0x3e0 CMakeFiles/FOC_Bootloader.dir/D_/Prj/Clion_prj/FOC/Core/Src/system_stm32f1xx.c.obj
 .debug_line    0x000020b3       0x78 CMakeFiles/FOC_Bootloader.dir/D_/Prj/Clion_prj/FOC/startup_stm32f103xb.s.obj
 .debug_line    0x0000212b      0x99b CMakeFiles/FOC_Bootloader.dir/D_/Prj/Clion_prj/FOC/Drivers/STM32F1xx_HAL_Driver/Src/stm32f1xx_hal.c.obj
 .debug_line    0x00002ac6      0xb53 CMakeFiles/FOC_Bootloader.dir/D_/Prj/Clion_prj/FOC/Drivers/STM32F1xx_HAL_Driver/Src/stm32f1xx_hal_cortex.c.obj